Archive member included to satisfy reference by file (symbol)

C:/ST/STM32CubeIDE_2.0.0/STM32CubeIDE/plugins/com.st.stm32cube.ide.mcu.externaltools.gnu-tools-for-stm32.13.3.rel1.win32_1.0.100.202509120712/tools/bin/../lib/gcc/arm-none-eabi/13.3.1/../../../../arm-none-eabi/lib/thumb/v7e-m+fp/hard\libc_nano.a(libc_a-exit.o)
                              C:/ST/STM32CubeIDE_2.0.0/STM32CubeIDE/plugins/com.st.stm32cube.ide.mcu.externaltools.gnu-tools-for-stm32.13.3.rel1.win32_1.0.100.202509120712/tools/bin/../lib/gcc/arm-none-eabi/13.3.1/../../../../arm-none-eabi/lib/thumb/v7e-m+fp/hard/crt0.o (exit)
C:/ST/STM32CubeIDE_2.0.0/STM32CubeIDE/plugins/com.st.stm32cube.ide.mcu.externaltools.gnu-tools-for-stm32.13.3.rel1.win32_1.0.100.202509120712/tools/bin/../lib/gcc/arm-none-eabi/13.3.1/../../../../arm-none-eabi/lib/thumb/v7e-m+fp/hard\libc_nano.a(libc_a-malloc.o)
                              ./Core/Src/LTC681x.o (malloc)
C:/ST/STM32CubeIDE_2.0.0/STM32CubeIDE/plugins/com.st.stm32cube.ide.mcu.externaltools.gnu-tools-for-stm32.13.3.rel1.win32_1.0.100.202509120712/tools/bin/../lib/gcc/arm-none-eabi/13.3.1/../../../../arm-none-eabi/lib/thumb/v7e-m+fp/hard\libc_nano.a(libc_a-mallocr.o)
                              C:/ST/STM32CubeIDE_2.0.0/STM32CubeIDE/plugins/com.st.stm32cube.ide.mcu.externaltools.gnu-tools-for-stm32.13.3.rel1.win32_1.0.100.202509120712/tools/bin/../lib/gcc/arm-none-eabi/13.3.1/../../../../arm-none-eabi/lib/thumb/v7e-m+fp/hard\libc_nano.a(libc_a-malloc.o) (_malloc_r)
C:/ST/STM32CubeIDE_2.0.0/STM32CubeIDE/plugins/com.st.stm32cube.ide.mcu.externaltools.gnu-tools-for-stm32.13.3.rel1.win32_1.0.100.202509120712/tools/bin/../lib/gcc/arm-none-eabi/13.3.1/../../../../arm-none-eabi/lib/thumb/v7e-m+fp/hard\libc_nano.a(libc_a-mlock.o)
                              C:/ST/STM32CubeIDE_2.0.0/STM32CubeIDE/plugins/com.st.stm32cube.ide.mcu.externaltools.gnu-tools-for-stm32.13.3.rel1.win32_1.0.100.202509120712/tools/bin/../lib/gcc/arm-none-eabi/13.3.1/../../../../arm-none-eabi/lib/thumb/v7e-m+fp/hard\libc_nano.a(libc_a-mallocr.o) (__malloc_lock)
C:/ST/STM32CubeIDE_2.0.0/STM32CubeIDE/plugins/com.st.stm32cube.ide.mcu.externaltools.gnu-tools-for-stm32.13.3.rel1.win32_1.0.100.202509120712/tools/bin/../lib/gcc/arm-none-eabi/13.3.1/../../../../arm-none-eabi/lib/thumb/v7e-m+fp/hard\libc_nano.a(libc_a-findfp.o)
                              C:/ST/STM32CubeIDE_2.0.0/STM32CubeIDE/plugins/com.st.stm32cube.ide.mcu.externaltools.gnu-tools-for-stm32.13.3.rel1.win32_1.0.100.202509120712/tools/bin/../lib/gcc/arm-none-eabi/13.3.1/../../../../arm-none-eabi/lib/thumb/v7e-m+fp/hard\libc_nano.a(libc_a-exit.o) (__stdio_exit_handler)
C:/ST/STM32CubeIDE_2.0.0/STM32CubeIDE/plugins/com.st.stm32cube.ide.mcu.externaltools.gnu-tools-for-stm32.13.3.rel1.win32_1.0.100.202509120712/tools/bin/../lib/gcc/arm-none-eabi/13.3.1/../../../../arm-none-eabi/lib/thumb/v7e-m+fp/hard\libc_nano.a(libc_a-fwalk.o)
                              C:/ST/STM32CubeIDE_2.0.0/STM32CubeIDE/plugins/com.st.stm32cube.ide.mcu.externaltools.gnu-tools-for-stm32.13.3.rel1.win32_1.0.100.202509120712/tools/bin/../lib/gcc/arm-none-eabi/13.3.1/../../../../arm-none-eabi/lib/thumb/v7e-m+fp/hard\libc_nano.a(libc_a-findfp.o) (_fwalk_sglue)
C:/ST/STM32CubeIDE_2.0.0/STM32CubeIDE/plugins/com.st.stm32cube.ide.mcu.externaltools.gnu-tools-for-stm32.13.3.rel1.win32_1.0.100.202509120712/tools/bin/../lib/gcc/arm-none-eabi/13.3.1/../../../../arm-none-eabi/lib/thumb/v7e-m+fp/hard\libc_nano.a(libc_a-stdio.o)
                              C:/ST/STM32CubeIDE_2.0.0/STM32CubeIDE/plugins/com.st.stm32cube.ide.mcu.externaltools.gnu-tools-for-stm32.13.3.rel1.win32_1.0.100.202509120712/tools/bin/../lib/gcc/arm-none-eabi/13.3.1/../../../../arm-none-eabi/lib/thumb/v7e-m+fp/hard\libc_nano.a(libc_a-findfp.o) (__sread)
C:/ST/STM32CubeIDE_2.0.0/STM32CubeIDE/plugins/com.st.stm32cube.ide.mcu.externaltools.gnu-tools-for-stm32.13.3.rel1.win32_1.0.100.202509120712/tools/bin/../lib/gcc/arm-none-eabi/13.3.1/../../../../arm-none-eabi/lib/thumb/v7e-m+fp/hard\libc_nano.a(libc_a-memset.o)
                              C:/ST/STM32CubeIDE_2.0.0/STM32CubeIDE/plugins/com.st.stm32cube.ide.mcu.externaltools.gnu-tools-for-stm32.13.3.rel1.win32_1.0.100.202509120712/tools/bin/../lib/gcc/arm-none-eabi/13.3.1/../../../../arm-none-eabi/lib/thumb/v7e-m+fp/hard/crt0.o (memset)
C:/ST/STM32CubeIDE_2.0.0/STM32CubeIDE/plugins/com.st.stm32cube.ide.mcu.externaltools.gnu-tools-for-stm32.13.3.rel1.win32_1.0.100.202509120712/tools/bin/../lib/gcc/arm-none-eabi/13.3.1/../../../../arm-none-eabi/lib/thumb/v7e-m+fp/hard\libc_nano.a(libc_a-closer.o)
                              C:/ST/STM32CubeIDE_2.0.0/STM32CubeIDE/plugins/com.st.stm32cube.ide.mcu.externaltools.gnu-tools-for-stm32.13.3.rel1.win32_1.0.100.202509120712/tools/bin/../lib/gcc/arm-none-eabi/13.3.1/../../../../arm-none-eabi/lib/thumb/v7e-m+fp/hard\libc_nano.a(libc_a-stdio.o) (_close_r)
[...]
Memory Configuration

Name             Origin             Length             Attributes
RAM              0x20000000         0x00008000         xrw
FLASH            0x08000000         0x00020000         xr
*default*        0x00000000         0xffffffff

Linker script and memory map

LOAD C:/ST/STM32CubeIDE_2.0.0/STM32CubeIDE/plugins/com.st.stm32cube.ide.mcu.externaltools.gnu-tools-for-stm32.13.3.rel1.win32_1.0.100.202509120712/tools/bin/../lib/gcc/arm-none-eabi/13.3.1/thumb/v7e-m+fp/hard/crti.o
LOAD C:/ST/STM32CubeIDE_2.0.0/STM32CubeIDE/plugins/com.st.stm32cube.ide.mcu.externaltools.gnu-tools-for-stm32.13.3.rel1.win32_1.0.100.202509120712/tools/bin/../lib/gcc/arm-none-eabi/13.3.1/thumb/v7e-m+fp/hard/crtbegin.o
LOAD C:/ST/STM32CubeIDE_2.0.0/STM32CubeIDE/plugins/com.st.stm32cube.ide.mcu.externaltools.gnu-tools-for-stm32.13.3.rel1.win32_1.0.100.202509120712/tools/bin/../lib/gcc/arm-none-eabi/13.3.1/../../../../arm-none-eabi/lib/thumb/v7e-m+fp/hard/crt0.o
LOAD ./Core/Src/LTC681x.o
LOAD ./Core/Src/calculations.o
LOAD ./Core/Src/can.o
LOAD ./Core/Src/isoSpi.o
LOAD ./Core/Src/main.o
LOAD ./Core/Src/operation.o
LOAD ./Core/Src/pwm.o
LOAD ./Core/Src/stm32g4xx_hal_msp.o
LOAD ./Core/Src/stm32g4xx_it.o
LOAD ./Core/Src/syscalls.o
LOAD ./Core/Src/sysmem.o
LOAD ./Core/Src/system_stm32g4xx.o
LOAD ./Core/Src/temp_calc.o
LOAD ./Core/Startup/startup_stm32g431kbtx.o
LOAD ./Drivers/STM32G4xx_HAL_Driver/Src/stm32g4xx_hal.o
LOAD ./Drivers/STM32G4xx_HAL_Driver/Src/stm32g4xx_hal_cortex.o
LOAD ./Drivers/STM32G4xx_HAL_Driver/Src/stm32g4xx_hal_dma.o
LOAD ./Drivers/STM32G4xx_HAL_Driver/Src/stm32g4xx_hal_dma_ex.o
LOAD ./Drivers/STM32G4xx_HAL_Driver/Src/stm32g4xx_hal_exti.o
LOAD ./Drivers/STM32G4xx_HAL_Driver/Src/stm32g4xx_hal_fdcan.o
LOAD ./Drivers/STM32G4xx_HAL_Driver/Src/stm32g4xx_hal_flash.o
LOAD ./Drivers/STM32G4xx_HAL_Driver/Src/stm32g4xx_hal_flash_ex.o
LOAD ./Drivers/STM32G4xx_HAL_Driver/Src/stm32g4xx_hal_flash_ramfunc.o
LOAD ./Drivers/STM32G4xx_HAL_Driver/Src/stm32g4xx_hal_gpio.o
LOAD ./Drivers/STM32G4xx_HAL_Driver/Src/stm32g4xx_hal_pwr.o
LOAD ./Drivers/STM32G4xx_HAL_Driver/Src/stm32g4xx_hal_pwr_ex.o
LOAD ./Drivers/STM32G4xx_HAL_Driver/Src/stm32g4xx_hal_rcc.o
LOAD ./Drivers/STM32G4xx_HAL_Driver/Src/stm32g4xx_hal_rcc_ex.o
LOAD ./Drivers/STM32G4xx_HAL_Driver/Src/stm32g4xx_hal_spi.o
LOAD ./Drivers/STM32G4xx_HAL_Driver/Src/stm32g4xx_hal_spi_ex.o
LOAD ./Drivers/STM32G4xx_HAL_Driver/Src/stm32g4xx_hal_tim.o
LOAD ./Drivers/STM32G4xx_HAL_Driver/Src/stm32g4xx_hal_tim_ex.o
LOAD ./Drivers/STM32G4xx_HAL_Driver/Src/stm32g4xx_hal_uart.o
LOAD ./Drivers/STM32G4xx_HAL_Driver/Src/stm32g4xx_hal_uart_ex.o
START GROUP
LOAD C:/ST/STM32CubeIDE_2.0.0/STM32CubeIDE/plugins/com.st.stm32cube.ide.mcu.externaltools.gnu-tools-for-stm32.13.3.rel1.win32_1.0.100.202509120712/tools/bin/../lib/gcc/arm-none-eabi/13.3.1/../../../../arm-none-eabi/lib/thumb/v7e-m+fp/hard\libc_nano.a
LOAD C:/ST/STM32CubeIDE_2.0.0/STM32CubeIDE/plugins/com.st.stm32cube.ide.mcu.externaltools.gnu-tools-for-stm32.13.3.rel1.win32_1.0.100.202509120712/tools/bin/../lib/gcc/arm-none-eabi/13.3.1/../../../../arm-none-eabi/lib/thumb/v7e-m+fp/hard\libm.a
END GROUP
START GROUP
LOAD C:/ST/STM32CubeIDE_2.0.0/STM32CubeIDE/plugins/com.st.stm32cube.ide.mcu.externaltools.gnu-tools-for-stm32.13.3.rel1.win32_1.0.100.202509120712/tools/bin/../lib/gcc/arm-none-eabi/13.3.1/thumb/v7e-m+fp/hard\libgcc.a
LOAD C:/ST/STM32CubeIDE_2.0.0/STM32CubeIDE/plugins/com.st.stm32cube.ide.mcu.externaltools.gnu-tools-for-stm32.13.3.rel1.win32_1.0.100.202509120712/tools/bin/../lib/gcc/arm-none-eabi/13.3.1/../../../../arm-none-eabi/lib/thumb/v7e-m+fp/hard\libc_nano.a
END GROUP
START GROUP
LOAD C:/ST/STM32CubeIDE_2.0.0/STM32CubeIDE/plugins/com.st.stm32cube.ide.mcu.externaltools.gnu-tools-for-stm32.13.3.rel1.win32_1.0.100.202509120712/tools/bin/../lib/gcc/arm-none-eabi/13.3.1/thumb/v7e-m+fp/hard\libgcc.a
LOAD C:/ST/STM32CubeIDE_2.0.0/STM32CubeIDE/plugins/com.st.stm32cube.ide.mcu.externaltools.gnu-tools-for-stm32.13.3.rel1.win32_1.0.100.202509120712/tools/bin/../lib/gcc/arm-none-eabi/13.3.1/../../../../arm-none-eabi/lib/thumb/v7e-m+fp/hard\libc_nano.a
LOAD C:/ST/STM32CubeIDE_2.0.0/STM32CubeIDE/plugins/com.st.stm32cube.ide.mcu.externaltools.gnu-tools-for-stm32.13.3.rel1.win32_1.0.100.202509120712/tools/bin/../lib/gcc/arm-none-eabi/13.3.1/../../../../arm-none-eabi/lib/thumb/v7e-m+fp/hard\libnosys.a
END GROUP
START GROUP
LOAD C:/ST/STM32CubeIDE_2.0.0/STM32CubeIDE/plugins/com.st.stm32cube.ide.mcu.externaltools.gnu-tools-for-stm32.13.3.rel1.win32_1.0.100.202509120712/tools/bin/../lib/gcc/arm-none-eabi/13.3.1/thumb/v7e-m+fp/hard\libgcc.a
LOAD C:/ST/STM32CubeIDE_2.0.0/STM32CubeIDE/plugins/com.st.stm32cube.ide.mcu.externaltools.gnu-tools-for-stm32.13.3.rel1.win32_1.0.100.202509120712/tools/bin/../lib/gcc/arm-none-eabi/13.3.1/../../../../arm-none-eabi/lib/thumb/v7e-m+fp/hard\libc_nano.a
LOAD C:/ST/STM32CubeIDE_2.0.0/STM32CubeIDE/plugins/com.st.stm32cube.ide.mcu.externaltools.gnu-tools-for-stm32.13.3.rel1.win32_1.0.100.202509120712/tools/bin/../lib/gcc/arm-none-eabi/13.3.1/../../../../arm-none-eabi/lib/thumb/v7e-m+fp/hard\libnosys.a
END GROUP
LOAD C:/ST/STM32CubeIDE_2.0.0/STM32CubeIDE/plugins/com.st.stm32cube.ide.mcu.externaltools.gnu-tools-for-stm32.13.3.rel1.win32_1.0.100.202509120712/tools/bin/../lib/gcc/arm-none-eabi/13.3.1/thumb/v7e-m+fp/hard/crtend.o
LOAD C:/ST/STM32CubeIDE_2.0.0/STM32CubeIDE/plugins/com.st.stm32cube.ide.mcu.externaltools.gnu-tools-for-stm32.13.3.rel1.win32_1.0.100.202509120712/tools/bin/../lib/gcc/arm-none-eabi/13.3.1/thumb/v7e-m+fp/hard/crtn.o
                0x20008000                        _estack = (ORIGIN (RAM) + LENGTH (RAM))
                0x00000200                        _Min_Heap_Size = 0x200
                0x00000400                        _Min_Stack_Size = 0x400

.isr_vector     0x08000000      0x1d8
                0x08000000                        . = ALIGN (0x4)
 *(.isr_vector)
 .isr_vector    0x08000000      0x1d8 ./Core/Startup/startup_stm32g431kbtx.o
                0x08000000                g_pfnVectors
                0x080001d8                        . = ALIGN (0x4)

.text           0x080001d8     0x865c
                0x080001d8                        . = ALIGN (0x4)
 *(.text)
 .text          0x080001d8       0x40 C:/ST/STM32CubeIDE_2.0.0/STM32CubeIDE/plugins/com.st.stm32cube.ide.mcu.externaltools.gnu-tools-for-stm32.13.3.rel1.win32_1.0.100.202509120712/tools/bin/../lib/gcc/arm-none-eabi/13.3.1/thumb/v7e-m+fp/hard/crtbegin.o
 .text          0x08000218      0x378 C:/ST/STM32CubeIDE_2.0.0/STM32CubeIDE/plugins/com.st.stm32cube.ide.mcu.externaltools.gnu-tools-for-stm32.13.3.rel1.win32_1.0.100.202509120712/tools/bin/../lib/gcc/arm-none-eabi/13.3.1/thumb/v7e-m+fp/hard\libgcc.a(_arm_addsubdf3.o)
                0x08000218                __aeabi_drsub
                0x08000220                __aeabi_dsub
                0x08000220                __subdf3
                0x08000224                __aeabi_dadd
                0x08000224                __adddf3
                0x0800049c                __floatunsidf
                0x0800049c                __aeabi_ui2d
                0x080004bc                __floatsidf
                0x080004bc                __aeabi_i2d
                0x080004e0                __aeabi_f2d
                0x080004e0                __extendsfdf2
                0x08000524                __floatundidf
                0x08000524                __aeabi_ul2d
                0x08000534                __floatdidf
                0x08000534                __aeabi_l2d
 .text          0x08000590      0x424 C:/ST/STM32CubeIDE_2.0.0/STM32CubeIDE/plugins/com.st.stm32cube.ide.mcu.externaltools.gnu-tools-for-stm32.13.3.rel1.win32_1.0.100.202509120712/tools/bin/../lib/gcc/arm-none-eabi/13.3.1/thumb/v7e-m+fp/hard\libgcc.a(_arm_muldivdf3.o)
                0x08000590                __aeabi_dmul
                0x08000590                __muldf3
                0x080007e4                __divdf3
                0x080007e4                __aeabi_ddiv
 .text          0x080009b4      0x110 C:/ST/STM32CubeIDE_2.0.0/STM32CubeIDE/plugins/com.st.stm32cube.ide.mcu.externaltools.gnu-tools-for-stm32.13.3.rel1.win32_1.0.100.202509120712/tools/bin/../lib/gcc/arm-none-eabi/13.3.1/thumb/v7e-m+fp/hard\libgcc.a(_arm_cmpdf2.o)
                0x080009b4                __gtdf2
                0x080009b4                __gedf2
                0x080009bc                __ltdf2
                0x080009bc                __ledf2
                0x080009c4                __nedf2
                0x080009c4                __eqdf2
                0x080009c4                __cmpdf2
                0x08000a40                __aeabi_cdrcmple
                0x08000a50                __aeabi_cdcmpeq
                0x08000a50                __aeabi_cdcmple
                0x08000a60                __aeabi_dcmpeq
                0x08000a74                __aeabi_dcmplt
                0x08000a88                __aeabi_dcmple
                0x08000a9c                __aeabi_dcmpge
                0x08000ab0                __aeabi_dcmpgt
 .text          0x08000ac4       0x2c C:/ST/STM32CubeIDE_2.0.0/STM32CubeIDE/plugins/com.st.stm32cube.ide.mcu.externaltools.gnu-tools-for-stm32.13.3.rel1.win32_1.0.100.202509120712/tools/bin/../lib/gcc/arm-none-eabi/13.3.1/thumb/v7e-m+fp/hard\libgcc.a(_arm_unorddf2.o)
                0x08000ac4                __unorddf2
                0x08000ac4                __aeabi_dcmpun
 .text          0x08000af0       0xa0 C:/ST/STM32CubeIDE_2.0.0/STM32CubeIDE/plugins/com.st.stm32cube.ide.mcu.externaltools.gnu-tools-for-stm32.13.3.rel1.win32_1.0.100.202509120712/tools/bin/../lib/gcc/arm-none-eabi/13.3.1/thumb/v7e-m+fp/hard\libgcc.a(_arm_truncdfsf2.o)
                0x08000af0                __truncdfsf2
                0x08000af0                __aeabi_d2f
 .text          0x08000b90       0x30 C:/ST/STM32CubeIDE_2.0.0/STM32CubeIDE/plugins/com.st.stm32cube.ide.mcu.externaltools.gnu-tools-for-stm32.13.3.rel1.win32_1.0.100.202509120712/tools/bin/../lib/gcc/arm-none-eabi/13.3.1/thumb/v7e-m+fp/hard\libgcc.a(_aeabi_uldivmod.o)
                0x08000b90                __aeabi_uldivmod
 .text          0x08000bc0      0x2f8 C:/ST/STM32CubeIDE_2.0.0/STM32CubeIDE/plugins/com.st.stm32cube.ide.mcu.externaltools.gnu-tools-for-stm32.13.3.rel1.win32_1.0.100.202509120712/tools/bin/../lib/gcc/arm-none-eabi/13.3.1/thumb/v7e-m+fp/hard\libgcc.a(_udivmoddi4.o)
                0x08000bc0                __udivmoddi4
 .text          0x08000eb8        0x4 C:/ST/STM32CubeIDE_2.0.0/STM32CubeIDE/plugins/com.st.stm32cube.ide.mcu.externaltools.gnu-tools-for-stm32.13.3.rel1.win32_1.0.100.202509120712/tools/bin/../lib/gcc/arm-none-eabi/13.3.1/thumb/v7e-m+fp/hard\libgcc.a(_dvmd_tls.o)
                0x08000eb8                __aeabi_idiv0
                0x08000eb8                __aeabi_ldiv0
 *(.text*)
 .text.WakeIdle
                0x08000ebc       0x14 ./Core/Src/LTC681x.o
                0x08000ebc                WakeIdle
 .text.WakeUp   0x08000ed0       0x16 ./Core/Src/LTC681x.o
                0x08000ed0                WakeUp
 .text.initialize
                0x08000ee6       0x1c ./Core/Src/LTC681x.o
                0x08000ee6                initialize
 *fill*         0x08000f02        0x2 
 .text.init     0x08000f04       0xc4 ./Core/Src/LTC681x.o
                0x08000f04                init
 .text.pec15_calc
                0x08000fc8       0x64 ./Core/Src/LTC681x.o
                0x08000fc8                pec15_calc
 .text.wrcfg    0x0800102c      0x12c ./Core/Src/LTC681x.o
                0x0800102c                wrcfg
 .text.rdcfg    0x08001158      0x12e ./Core/Src/LTC681x.o
                0x08001158                rdcfg
 .text.rdcv     0x08001286      0x2a6 ./Core/Src/LTC681x.o
                0x08001286                rdcv
 .text.rdcv_reg
                0x0800152c       0xb6 ./Core/Src/LTC681x.o
                0x0800152c                rdcv_reg
 .text.rdaux    0x080015e2      0x282 ./Core/Src/LTC681x.o
                0x080015e2                rdaux
 .text.adcv_delay
                0x08001864       0x10 ./Core/Src/LTC681x.o
                0x08001864                adcv_delay
 .text.adax_delay
                0x08001874       0x10 ./Core/Src/LTC681x.o
                0x08001874                adax_delay
 .text.rdaux_reg
                0x08001884       0x9c ./Core/Src/LTC681x.o
                0x08001884                rdaux_reg
 .text.adcv     0x08001920       0x48 ./Core/Src/LTC681x.o
                0x08001920                adcv
 .text.adax     0x08001968       0x48 ./Core/Src/LTC681x.o
                0x08001968                adax
 .text.calc_sum_of_cells
                0x080019b0       0x8c ./Core/Src/calculations.o
                0x080019b0                calc_sum_of_cells
 .text.get_minmax_temperature
                0x08001a3c      0x12a ./Core/Src/calculations.o
                0x08001a3c                get_minmax_temperature
 .text.get_minmax_voltage
                0x08001b66      0x134 ./Core/Src/calculations.o
                0x08001b66                get_minmax_voltage
 .text.build_disch_cfg
                0x08001c9a       0xd8 ./Core/Src/calculations.o
                0x08001c9a                build_disch_cfg
 *fill*         0x08001d72        0x2 
 .text.read_IVT_I
                0x08001d74       0x60 ./Core/Src/can.o
                0x08001d74                read_IVT_I
 .text.read_IVT_U1
                0x08001dd4       0x60 ./Core/Src/can.o
                0x08001dd4                read_IVT_U1
 .text.read_IVT_U2
                0x08001e34       0x60 ./Core/Src/can.o
                0x08001e34                read_IVT_U2
 .text.read_IVT_Wh
                0x08001e94       0x60 ./Core/Src/can.o
                0x08001e94                read_IVT_Wh
 .text.HAL_FDCAN_RxFifo0Callback
                0x08001ef4       0x9c ./Core/Src/can.o
                0x08001ef4                HAL_FDCAN_RxFifo0Callback
 .text.CanSend  0x08001f90       0x44 ./Core/Src/can.o
                0x08001f90                CanSend
 .text.ReadCANBusMessage
                0x08001fd4       0x58 ./Core/Src/can.o
                0x08001fd4                ReadCANBusMessage
 .text.delay_u  0x0800202c       0x68 ./Core/Src/isoSpi.o
                0x0800202c                delay_u
 .text.spi_write_read_byte
                0x08002094       0x44 ./Core/Src/isoSpi.o
                0x08002094                spi_write_read_byte
 .text.spi_write_array
                0x080020d8       0x44 ./Core/Src/isoSpi.o
                0x080020d8                spi_write_array
 .text.spi_write_then_read_array_ltc
                0x0800211c       0x58 ./Core/Src/isoSpi.o
                0x0800211c                spi_write_then_read_array_ltc
 .text.main     0x08002174       0x38 ./Core/Src/main.o
                0x08002174                main
 .text.SystemClock_Config
                0x080021ac       0x80 ./Core/Src/main.o
                0x080021ac                SystemClock_Config
 .text.MX_FDCAN1_Init
                0x0800222c      0x1c4 ./Core/Src/main.o
 .text.MX_SPI1_Init
                0x080023f0       0x7c ./Core/Src/main.o
 .text.MX_TIM8_Init
                0x0800246c      0x160 ./Core/Src/main.o
 .text.MX_USART2_UART_Init
                0x080025cc       0x98 ./Core/Src/main.o
 .text.MX_GPIO_Init
                0x08002664       0xb4 ./Core/Src/main.o
 .text.Error_Handler
                0x08002718       0x14 ./Core/Src/main.o
                0x08002718                Error_Handler
 .text.operation_main
                0x0800272c      0x13c ./Core/Src/operation.o
                0x0800272c                operation_main
 .text.open_AIR
                0x08002868       0x24 ./Core/Src/operation.o
                0x08002868                open_AIR
 .text.close_AIR
                0x0800288c       0x24 ./Core/Src/operation.o
                0x0800288c                close_AIR
 .text.open_PRE
                0x080028b0       0x3c ./Core/Src/operation.o
                0x080028b0                open_PRE
 .text.AMS_OK   0x080028ec       0x6a ./Core/Src/operation.o
                0x080028ec                AMS_OK
 *fill*         0x08002956        0x2 
 .text.charge_routine
                0x08002958       0xc4 ./Core/Src/operation.o
                0x08002958                charge_routine
 .text.core_routine
                0x08002a1c       0xac ./Core/Src/operation.o
                0x08002a1c                core_routine
 .text.balance_routine
                0x08002ac8       0x30 ./Core/Src/operation.o
                0x08002ac8                balance_routine
 .text.empty_disch_cfg
                0x08002af8       0x80 ./Core/Src/operation.o
                0x08002af8                empty_disch_cfg
 .text.read_cell_voltage
                0x08002b78       0x5c ./Core/Src/operation.o
                0x08002b78                read_cell_voltage
 .text.read_temp_measurement
                0x08002bd4       0x64 ./Core/Src/operation.o
                0x08002bd4                read_temp_measurement
 .text.init_slave_cfg
                0x08002c38       0xa0 ./Core/Src/operation.o
                0x08002c38                init_slave_cfg
 .text.cfg_slaves
                0x08002cd8       0x2c ./Core/Src/operation.o
                0x08002cd8                cfg_slaves
 .text.increase_pec_counter
                0x08002d04       0x40 ./Core/Src/operation.o
                0x08002d04                increase_pec_counter
 .text.goto_safe_state
                0x08002d44       0x1a ./Core/Src/operation.o
                0x08002d44                goto_safe_state
 *fill*         0x08002d5e        0x2 
 .text.set_fan_duty_cycle
                0x08002d60       0x34 ./Core/Src/pwm.o
                0x08002d60                set_fan_duty_cycle
 .text.HAL_MspInit
                0x08002d94       0x48 ./Core/Src/stm32g4xx_hal_msp.o
                0x08002d94                HAL_MspInit
 .text.HAL_FDCAN_MspInit
                0x08002ddc       0xc4 ./Core/Src/stm32g4xx_hal_msp.o
                0x08002ddc                HAL_FDCAN_MspInit
 .text.HAL_SPI_MspInit
                0x08002ea0       0x84 ./Core/Src/stm32g4xx_hal_msp.o
                0x08002ea0                HAL_SPI_MspInit
 .text.HAL_TIM_Base_MspInit
                0x08002f24       0x40 ./Core/Src/stm32g4xx_hal_msp.o
                0x08002f24                HAL_TIM_Base_MspInit
 .text.HAL_TIM_MspPostInit
                0x08002f64       0x70 ./Core/Src/stm32g4xx_hal_msp.o
                0x08002f64                HAL_TIM_MspPostInit
 .text.HAL_UART_MspInit
                0x08002fd4       0xb0 ./Core/Src/stm32g4xx_hal_msp.o
                0x08002fd4                HAL_UART_MspInit
 .text.NMI_Handler
                0x08003084        0x8 ./Core/Src/stm32g4xx_it.o
                0x08003084                NMI_Handler
 .text.HardFault_Handler
                0x0800308c        0x8 ./Core/Src/stm32g4xx_it.o
                0x0800308c                HardFault_Handler
 .text.MemManage_Handler
                0x08003094        0x8 ./Core/Src/stm32g4xx_it.o
                0x08003094                MemManage_Handler
 .text.BusFault_Handler
                0x0800309c        0x8 ./Core/Src/stm32g4xx_it.o
                0x0800309c                BusFault_Handler
 .text.UsageFault_Handler
                0x080030a4        0x8 ./Core/Src/stm32g4xx_it.o
                0x080030a4                UsageFault_Handler
 .text.SVC_Handler
                0x080030ac        0xe ./Core/Src/stm32g4xx_it.o
                0x080030ac                SVC_Handler
 .text.DebugMon_Handler
                0x080030ba        0xe ./Core/Src/stm32g4xx_it.o
                0x080030ba                DebugMon_Handler
 .text.PendSV_Handler
                0x080030c8        0xe ./Core/Src/stm32g4xx_it.o
                0x080030c8                PendSV_Handler
 .text.SysTick_Handler
                0x080030d6        0xc ./Core/Src/stm32g4xx_it.o
                0x080030d6                SysTick_Handler
 *fill*         0x080030e2        0x2 
 .text.FDCAN1_IT0_IRQHandler
                0x080030e4       0x14 ./Core/Src/stm32g4xx_it.o
                0x080030e4                FDCAN1_IT0_IRQHandler
 .text.SystemInit
                0x080030f8       0x24 ./Core/Src/system_stm32g4xx.o
                0x080030f8                SystemInit
 *fill*         0x0800311c        0x4 
 .text.temp_calc
                0x08003120      0x188 ./Core/Src/temp_calc.o
                0x08003120                temp_calc
 .text.Reset_Handler
                0x080032a8       0x50 ./Core/Startup/startup_stm32g431kbtx.o
                0x080032a8                Reset_Handler
 .text.Default_Handler
                0x080032f8        0x2 ./Core/Startup/startup_stm32g431kbtx.o
                0x080032f8                RTC_Alarm_IRQHandler
                0x080032f8                EXTI2_IRQHandler
                0x080032f8                TIM8_TRG_COM_IRQHandler
                0x080032f8                TIM8_CC_IRQHandler
                0x080032f8                TIM1_CC_IRQHandler
                0x080032f8                USB_HP_IRQHandler
                0x080032f8                CORDIC_IRQHandler
                0x080032f8                EXTI3_IRQHandler
                0x080032f8                I2C3_ER_IRQHandler
                0x080032f8                EXTI0_IRQHandler
                0x080032f8                I2C2_EV_IRQHandler
                0x080032f8                FPU_IRQHandler
                0x080032f8                FDCAN1_IT1_IRQHandler
                0x080032f8                TIM1_UP_TIM16_IRQHandler
                0x080032f8                ADC1_2_IRQHandler
                0x080032f8                SPI1_IRQHandler
                0x080032f8                TIM6_DAC_IRQHandler
                0x080032f8                TIM8_UP_IRQHandler
                0x080032f8                DMA2_Channel2_IRQHandler
                0x080032f8                DMA1_Channel4_IRQHandler
                0x080032f8                USART3_IRQHandler
                0x080032f8                TIM4_IRQHandler
                0x080032f8                DMA2_Channel1_IRQHandler
                0x080032f8                I2C1_EV_IRQHandler
                0x080032f8                DMA1_Channel6_IRQHandler
                0x080032f8                UART4_IRQHandler
                0x080032f8                DMA2_Channel4_IRQHandler
                0x080032f8                TIM3_IRQHandler
                0x080032f8                RCC_IRQHandler
                0x080032f8                DMA1_Channel1_IRQHandler
                0x080032f8                Default_Handler
                0x080032f8                RTC_TAMP_LSECSS_IRQHandler
                0x080032f8                FMAC_IRQHandler
                0x080032f8                EXTI15_10_IRQHandler
                0x080032f8                TIM7_IRQHandler
                0x080032f8                UCPD1_IRQHandler
                0x080032f8                I2C3_EV_IRQHandler
                0x080032f8                EXTI9_5_IRQHandler
                0x080032f8                RTC_WKUP_IRQHandler
                0x080032f8                PVD_PVM_IRQHandler
                0x080032f8                SPI2_IRQHandler
                0x080032f8                DMA2_Channel5_IRQHandler
                0x080032f8                CRS_IRQHandler
                0x080032f8                DMA1_Channel5_IRQHandler
                0x080032f8                USB_LP_IRQHandler
                0x080032f8                EXTI4_IRQHandler
                0x080032f8                RNG_IRQHandler
                0x080032f8                TIM1_TRG_COM_TIM17_IRQHandler
                0x080032f8                DMA1_Channel3_IRQHandler
                0x080032f8                WWDG_IRQHandler
                0x080032f8                LPUART1_IRQHandler
                0x080032f8                DMA2_Channel6_IRQHandler
                0x080032f8                TIM2_IRQHandler
                0x080032f8                COMP1_2_3_IRQHandler
                0x080032f8                EXTI1_IRQHandler
                0x080032f8                USART2_IRQHandler
                0x080032f8                I2C2_ER_IRQHandler
                0x080032f8                DMA1_Channel2_IRQHandler
                0x080032f8                TIM8_BRK_IRQHandler
                0x080032f8                FLASH_IRQHandler
                0x080032f8                USART1_IRQHandler
                0x080032f8                SPI3_IRQHandler
                0x080032f8                I2C1_ER_IRQHandler
                0x080032f8                LPTIM1_IRQHandler
                0x080032f8                DMAMUX_OVR_IRQHandler
                0x080032f8                USBWakeUp_IRQHandler
                0x080032f8                SAI1_IRQHandler
                0x080032f8                DMA2_Channel3_IRQHandler
                0x080032f8                COMP4_IRQHandler
                0x080032f8                TIM1_BRK_TIM15_IRQHandler
 .text.HAL_Init
                0x080032fa       0x30 ./Drivers/STM32G4xx_HAL_Driver/Src/stm32g4xx_hal.o
                0x080032fa                HAL_Init
 *fill*         0x0800332a        0x2 
 .text.HAL_InitTick
                0x0800332c       0x74 ./Drivers/STM32G4xx_HAL_Driver/Src/stm32g4xx_hal.o
                0x0800332c                HAL_InitTick
 .text.HAL_IncTick
                0x080033a0       0x24 ./Drivers/STM32G4xx_HAL_Driver/Src/stm32g4xx_hal.o
                0x080033a0                HAL_IncTick
 .text.HAL_GetTick
                0x080033c4       0x18 ./Drivers/STM32G4xx_HAL_Driver/Src/stm32g4xx_hal.o
                0x080033c4                HAL_GetTick
 .text.HAL_Delay
                0x080033dc       0x44 ./Drivers/STM32G4xx_HAL_Driver/Src/stm32g4xx_hal.o
                0x080033dc                HAL_Delay
 .text.__NVIC_SetPriorityGrouping
                0x08003420       0x48 ./Drivers/STM32G4xx_HAL_Driver/Src/stm32g4xx_hal_cortex.o
 .text.__NVIC_GetPriorityGrouping
                0x08003468       0x1c ./Drivers/STM32G4xx_HAL_Driver/Src/stm32g4xx_hal_cortex.o
 .text.__NVIC_EnableIRQ
                0x08003484       0x3c ./Drivers/STM32G4xx_HAL_Driver/Src/stm32g4xx_hal_cortex.o
 .text.__NVIC_SetPriority
                0x080034c0       0x54 ./Drivers/STM32G4xx_HAL_Driver/Src/stm32g4xx_hal_cortex.o
 .text.NVIC_EncodePriority
                0x08003514       0x66 ./Drivers/STM32G4xx_HAL_Driver/Src/stm32g4xx_hal_cortex.o
 *fill*         0x0800357a        0x2 
 .text.SysTick_Config
                0x0800357c       0x44 ./Drivers/STM32G4xx_HAL_Driver/Src/stm32g4xx_hal_cortex.o
 .text.HAL_NVIC_SetPriorityGrouping
                0x080035c0       0x16 ./Drivers/STM32G4xx_HAL_Driver/Src/stm32g4xx_hal_cortex.o
                0x080035c0                HAL_NVIC_SetPriorityGrouping
 .text.HAL_NVIC_SetPriority
                0x080035d6       0x34 ./Drivers/STM32G4xx_HAL_Driver/Src/stm32g4xx_hal_cortex.o
                0x080035d6                HAL_NVIC_SetPriority
 .text.HAL_NVIC_EnableIRQ
                0x0800360a       0x1c ./Drivers/STM32G4xx_HAL_Driver/Src/stm32g4xx_hal_cortex.o
                0x0800360a                HAL_NVIC_EnableIRQ
 .text.HAL_SYSTICK_Config
                0x08003626       0x18 ./Drivers/STM32G4xx_HAL_Driver/Src/stm32g4xx_hal_cortex.o
                0x08003626                HAL_SYSTICK_Config
 *fill*         0x0800363e        0x2 
 .text.HAL_FDCAN_Init
                0x08003640      0x2b4 ./Drivers/STM32G4xx_HAL_Driver/Src/stm32g4xx_hal_fdcan.o
                0x08003640                HAL_FDCAN_Init
 .text.HAL_FDCAN_ConfigFilter
                0x080038f4       0xb4 ./Drivers/STM32G4xx_HAL_Driver/Src/stm32g4xx_hal_fdcan.o
                0x080038f4                HAL_FDCAN_ConfigFilter
 .text.HAL_FDCAN_ConfigGlobalFilter
                0x080039a8       0x62 ./Drivers/STM32G4xx_HAL_Driver/Src/stm32g4xx_hal_fdcan.o
                0x080039a8                HAL_FDCAN_ConfigGlobalFilter
 .text.HAL_FDCAN_ConfigRxFifoOverwrite
                0x08003a0a       0x72 ./Drivers/STM32G4xx_HAL_Driver/Src/stm32g4xx_hal_fdcan.o
                0x08003a0a                HAL_FDCAN_ConfigRxFifoOverwrite
 .text.HAL_FDCAN_Start
                0x08003a7c       0x50 ./Drivers/STM32G4xx_HAL_Driver/Src/stm32g4xx_hal_fdcan.o
                0x08003a7c                HAL_FDCAN_Start
 .text.HAL_FDCAN_AddMessageToTxFifoQ
                0x08003acc       0x88 ./Drivers/STM32G4xx_HAL_Driver/Src/stm32g4xx_hal_fdcan.o
                0x08003acc                HAL_FDCAN_AddMessageToTxFifoQ
 .text.HAL_FDCAN_GetRxMessage
                0x08003b54      0x210 ./Drivers/STM32G4xx_HAL_Driver/Src/stm32g4xx_hal_fdcan.o
                0x08003b54                HAL_FDCAN_GetRxMessage
 .text.HAL_FDCAN_GetTxFifoFreeLevel
                0x08003d64       0x24 ./Drivers/STM32G4xx_HAL_Driver/Src/stm32g4xx_hal_fdcan.o
                0x08003d64                HAL_FDCAN_GetTxFifoFreeLevel
 .text.HAL_FDCAN_ActivateNotification
                0x08003d88      0x1cc ./Drivers/STM32G4xx_HAL_Driver/Src/stm32g4xx_hal_fdcan.o
                0x08003d88                HAL_FDCAN_ActivateNotification
 .text.HAL_FDCAN_IRQHandler
                0x08003f54      0x266 ./Drivers/STM32G4xx_HAL_Driver/Src/stm32g4xx_hal_fdcan.o
                0x08003f54                HAL_FDCAN_IRQHandler
 .text.HAL_FDCAN_TxEventFifoCallback
                0x080041ba       0x16 ./Drivers/STM32G4xx_HAL_Driver/Src/stm32g4xx_hal_fdcan.o
                0x080041ba                HAL_FDCAN_TxEventFifoCallback
 .text.HAL_FDCAN_RxFifo1Callback
                0x080041d0       0x16 ./Drivers/STM32G4xx_HAL_Driver/Src/stm32g4xx_hal_fdcan.o
                0x080041d0                HAL_FDCAN_RxFifo1Callback
 .text.HAL_FDCAN_TxFifoEmptyCallback
                0x080041e6       0x14 ./Drivers/STM32G4xx_HAL_Driver/Src/stm32g4xx_hal_fdcan.o
                0x080041e6                HAL_FDCAN_TxFifoEmptyCallback
 .text.HAL_FDCAN_TxBufferCompleteCallback
                0x080041fa       0x16 ./Drivers/STM32G4xx_HAL_Driver/Src/stm32g4xx_hal_fdcan.o
                0x080041fa                HAL_FDCAN_TxBufferCompleteCallback
 .text.HAL_FDCAN_TxBufferAbortCallback
                0x08004210       0x16 ./Drivers/STM32G4xx_HAL_Driver/Src/stm32g4xx_hal_fdcan.o
                0x08004210                HAL_FDCAN_TxBufferAbortCallback
 .text.HAL_FDCAN_TimestampWraparoundCallback
                0x08004226       0x14 ./Drivers/STM32G4xx_HAL_Driver/Src/stm32g4xx_hal_fdcan.o
                0x08004226                HAL_FDCAN_TimestampWraparoundCallback
 .text.HAL_FDCAN_TimeoutOccurredCallback
                0x0800423a       0x14 ./Drivers/STM32G4xx_HAL_Driver/Src/stm32g4xx_hal_fdcan.o
                0x0800423a                HAL_FDCAN_TimeoutOccurredCallback
 .text.HAL_FDCAN_HighPriorityMessageCallback
                0x0800424e       0x14 ./Drivers/STM32G4xx_HAL_Driver/Src/stm32g4xx_hal_fdcan.o
                0x0800424e                HAL_FDCAN_HighPriorityMessageCallback
 .text.HAL_FDCAN_ErrorCallback
                0x08004262       0x14 ./Drivers/STM32G4xx_HAL_Driver/Src/stm32g4xx_hal_fdcan.o
                0x08004262                HAL_FDCAN_ErrorCallback
 .text.HAL_FDCAN_ErrorStatusCallback
                0x08004276       0x16 ./Drivers/STM32G4xx_HAL_Driver/Src/stm32g4xx_hal_fdcan.o
                0x08004276                HAL_FDCAN_ErrorStatusCallback
 .text.FDCAN_CalcultateRamBlockAddresses
                0x0800428c       0xac ./Drivers/STM32G4xx_HAL_Driver/Src/stm32g4xx_hal_fdcan.o
 .text.FDCAN_CopyMessageToRAM
                0x08004338       0xf8 ./Drivers/STM32G4xx_HAL_Driver/Src/stm32g4xx_hal_fdcan.o
 .text.HAL_GPIO_Init
                0x08004430      0x304 ./Drivers/STM32G4xx_HAL_Driver/Src/stm32g4xx_hal_gpio.o
                0x08004430                HAL_GPIO_Init
 .text.HAL_GPIO_ReadPin
                0x08004734       0x30 ./Drivers/STM32G4xx_HAL_Driver/Src/stm32g4xx_hal_gpio.o
                0x08004734                HAL_GPIO_ReadPin
 .text.HAL_GPIO_WritePin
                0x08004764       0x30 ./Drivers/STM32G4xx_HAL_Driver/Src/stm32g4xx_hal_gpio.o
                0x08004764                HAL_GPIO_WritePin
 .text.HAL_PWREx_ControlVoltageScaling
                0x08004794      0x148 ./Drivers/STM32G4xx_HAL_Driver/Src/stm32g4xx_hal_pwr_ex.o
                0x08004794                HAL_PWREx_ControlVoltageScaling
 .text.HAL_RCC_OscConfig
                0x080048dc      0x624 ./Drivers/STM32G4xx_HAL_Driver/Src/stm32g4xx_hal_rcc.o
                0x080048dc                HAL_RCC_OscConfig
 .text.HAL_RCC_ClockConfig
                0x08004f00      0x278 ./Drivers/STM32G4xx_HAL_Driver/Src/stm32g4xx_hal_rcc.o
                0x08004f00                HAL_RCC_ClockConfig
 .text.HAL_RCC_GetSysClockFreq
                0x08005178       0xc4 ./Drivers/STM32G4xx_HAL_Driver/Src/stm32g4xx_hal_rcc.o
                0x08005178                HAL_RCC_GetSysClockFreq
 .text.HAL_RCC_GetHCLKFreq
                0x0800523c       0x18 ./Drivers/STM32G4xx_HAL_Driver/Src/stm32g4xx_hal_rcc.o
                0x0800523c                HAL_RCC_GetHCLKFreq
 .text.HAL_RCC_GetPCLK1Freq
                0x08005254       0x2c ./Drivers/STM32G4xx_HAL_Driver/Src/stm32g4xx_hal_rcc.o
                0x08005254                HAL_RCC_GetPCLK1Freq
 .text.HAL_RCC_GetPCLK2Freq
                0x08005280       0x2c ./Drivers/STM32G4xx_HAL_Driver/Src/stm32g4xx_hal_rcc.o
                0x08005280                HAL_RCC_GetPCLK2Freq
 .text.RCC_GetSysClockFreqFromPLLSource
                0x080052ac       0x8c ./Drivers/STM32G4xx_HAL_Driver/Src/stm32g4xx_hal_rcc.o
 .text.HAL_RCCEx_PeriphCLKConfig
                0x08005338      0x3e0 ./Drivers/STM32G4xx_HAL_Driver/Src/stm32g4xx_hal_rcc_ex.o
                0x08005338                HAL_RCCEx_PeriphCLKConfig
 .text.HAL_SPI_Init
                0x08005718      0x156 ./Drivers/STM32G4xx_HAL_Driver/Src/stm32g4xx_hal_spi.o
                0x08005718                HAL_SPI_Init
 .text.HAL_SPI_Transmit
                0x0800586e      0x2ea ./Drivers/STM32G4xx_HAL_Driver/Src/stm32g4xx_hal_spi.o
                0x0800586e                HAL_SPI_Transmit
 .text.HAL_SPI_Receive
                0x08005b58      0x26e ./Drivers/STM32G4xx_HAL_Driver/Src/stm32g4xx_hal_spi.o
                0x08005b58                HAL_SPI_Receive
 .text.HAL_SPI_TransmitReceive
                0x08005dc6      0x444 ./Drivers/STM32G4xx_HAL_Driver/Src/stm32g4xx_hal_spi.o
                0x08005dc6                HAL_SPI_TransmitReceive
 *fill*         0x0800620a        0x2 
 .text.SPI_WaitFlagStateUntilTimeout
                0x0800620c      0x110 ./Drivers/STM32G4xx_HAL_Driver/Src/stm32g4xx_hal_spi.o
 .text.SPI_WaitFifoStateUntilTimeout
                0x0800631c      0x12c ./Drivers/STM32G4xx_HAL_Driver/Src/stm32g4xx_hal_spi.o
 .text.SPI_EndRxTransaction
                0x08006448       0xb0 ./Drivers/STM32G4xx_HAL_Driver/Src/stm32g4xx_hal_spi.o
 .text.SPI_EndRxTxTransaction
                0x080064f8       0x8c ./Drivers/STM32G4xx_HAL_Driver/Src/stm32g4xx_hal_spi.o
 .text.HAL_TIM_Base_Init
                0x08006584       0xae ./Drivers/STM32G4xx_HAL_Driver/Src/stm32g4xx_hal_tim.o
                0x08006584                HAL_TIM_Base_Init
 .text.HAL_TIM_PWM_Init
                0x08006632       0xae ./Drivers/STM32G4xx_HAL_Driver/Src/stm32g4xx_hal_tim.o
                0x08006632                HAL_TIM_PWM_Init
 .text.HAL_TIM_PWM_MspInit
                0x080066e0       0x14 ./Drivers/STM32G4xx_HAL_Driver/Src/stm32g4xx_hal_tim.o
                0x080066e0                HAL_TIM_PWM_MspInit
 .text.HAL_TIM_PWM_ConfigChannel
                0x080066f4      0x228 ./Drivers/STM32G4xx_HAL_Driver/Src/stm32g4xx_hal_tim.o
                0x080066f4                HAL_TIM_PWM_ConfigChannel
 .text.HAL_TIM_ConfigClockSource
                0x0800691c      0x1f4 ./Drivers/STM32G4xx_HAL_Driver/Src/stm32g4xx_hal_tim.o
                0x0800691c                HAL_TIM_ConfigClockSource
 .text.TIM_Base_SetConfig
                0x08006b10      0x138 ./Drivers/STM32G4xx_HAL_Driver/Src/stm32g4xx_hal_tim.o
                0x08006b10                TIM_Base_SetConfig
 .text.TIM_OC1_SetConfig
                0x08006c48      0x120 ./Drivers/STM32G4xx_HAL_Driver/Src/stm32g4xx_hal_tim.o
 .text.TIM_OC2_SetConfig
                0x08006d68      0x114 ./Drivers/STM32G4xx_HAL_Driver/Src/stm32g4xx_hal_tim.o
                0x08006d68                TIM_OC2_SetConfig
 .text.TIM_OC3_SetConfig
                0x08006e7c      0x110 ./Drivers/STM32G4xx_HAL_Driver/Src/stm32g4xx_hal_tim.o
 .text.TIM_OC4_SetConfig
                0x08006f8c      0x114 ./Drivers/STM32G4xx_HAL_Driver/Src/stm32g4xx_hal_tim.o
 .text.TIM_OC5_SetConfig
                0x080070a0       0xc8 ./Drivers/STM32G4xx_HAL_Driver/Src/stm32g4xx_hal_tim.o
 .text.TIM_OC6_SetConfig
                0x08007168       0xcc ./Drivers/STM32G4xx_HAL_Driver/Src/stm32g4xx_hal_tim.o
 .text.TIM_TI1_ConfigInputStage
                0x08007234       0x5e ./Drivers/STM32G4xx_HAL_Driver/Src/stm32g4xx_hal_tim.o
 .text.TIM_TI2_ConfigInputStage
                0x08007292       0x60 ./Drivers/STM32G4xx_HAL_Driver/Src/stm32g4xx_hal_tim.o
 .text.TIM_ITRx_SetConfig
                0x080072f2       0x3a ./Drivers/STM32G4xx_HAL_Driver/Src/stm32g4xx_hal_tim.o
 .text.TIM_ETR_SetConfig
                0x0800732c       0x40 ./Drivers/STM32G4xx_HAL_Driver/Src/stm32g4xx_hal_tim.o
                0x0800732c                TIM_ETR_SetConfig
 .text.HAL_TIMEx_PWMN_Start
                0x0800736c      0x168 ./Drivers/STM32G4xx_HAL_Driver/Src/stm32g4xx_hal_tim_ex.o
                0x0800736c                HAL_TIMEx_PWMN_Start
 .text.HAL_TIMEx_MasterConfigSynchronization
                0x080074d4      0x104 ./Drivers/STM32G4xx_HAL_Driver/Src/stm32g4xx_hal_tim_ex.o
                0x080074d4                HAL_TIMEx_MasterConfigSynchronization
 .text.HAL_TIMEx_ConfigBreakDeadTime
                0x080075d8      0x118 ./Drivers/STM32G4xx_HAL_Driver/Src/stm32g4xx_hal_tim_ex.o
                0x080075d8                HAL_TIMEx_ConfigBreakDeadTime
 .text.TIM_CCxNChannelCmd
                0x080076f0       0x4a ./Drivers/STM32G4xx_HAL_Driver/Src/stm32g4xx_hal_tim_ex.o
 .text.HAL_UART_Init
                0x0800773a       0xa0 ./Drivers/STM32G4xx_HAL_Driver/Src/stm32g4xx_hal_uart.o
                0x0800773a                HAL_UART_Init
 *fill*         0x080077da        0x2 
 .text.UART_SetConfig
                0x080077dc      0x598 ./Drivers/STM32G4xx_HAL_Driver/Src/stm32g4xx_hal_uart.o
                0x080077dc                UART_SetConfig
 .text.UART_AdvFeatureConfig
                0x08007d74      0x144 ./Drivers/STM32G4xx_HAL_Driver/Src/stm32g4xx_hal_uart.o
                0x08007d74                UART_AdvFeatureConfig
 .text.UART_CheckIdleState
                0x08007eb8      0x154 ./Drivers/STM32G4xx_HAL_Driver/Src/stm32g4xx_hal_uart.o
                0x08007eb8                UART_CheckIdleState
 .text.UART_WaitOnFlagUntilTimeout
                0x0800800c       0xda ./Drivers/STM32G4xx_HAL_Driver/Src/stm32g4xx_hal_uart.o
                0x0800800c                UART_WaitOnFlagUntilTimeout
 .text.UART_EndRxTransfer
                0x080080e6       0xcc ./Drivers/STM32G4xx_HAL_Driver/Src/stm32g4xx_hal_uart.o
 .text.HAL_UARTEx_DisableFifoMode
                0x080081b2       0x72 ./Drivers/STM32G4xx_HAL_Driver/Src/stm32g4xx_hal_uart_ex.o
                0x080081b2                HAL_UARTEx_DisableFifoMode
 .text.HAL_UARTEx_SetTxFifoThreshold
                0x08008224       0x7c ./Drivers/STM32G4xx_HAL_Driver/Src/stm32g4xx_hal_uart_ex.o
                0x08008224                HAL_UARTEx_SetTxFifoThreshold
 .text.HAL_UARTEx_SetRxFifoThreshold
                0x080082a0       0x7c ./Drivers/STM32G4xx_HAL_Driver/Src/stm32g4xx_hal_uart_ex.o
                0x080082a0                HAL_UARTEx_SetRxFifoThreshold
 .text.UARTEx_SetNbDataToProcess
                0x0800831c       0x9c ./Drivers/STM32G4xx_HAL_Driver/Src/stm32g4xx_hal_uart_ex.o
 .text.memset   0x080083b8       0x10 C:/ST/STM32CubeIDE_2.0.0/STM32CubeIDE/plugins/com.st.stm32cube.ide.mcu.externaltools.gnu-tools-for-stm32.13.3.rel1.win32_1.0.100.202509120712/tools/bin/../lib/gcc/arm-none-eabi/13.3.1/../../../../arm-none-eabi/lib/thumb/v7e-m+fp/hard\libc_nano.a(libc_a-memset.o)
                0x080083b8                memset
 .text.__errno  0x080083c8        0xc C:/ST/STM32CubeIDE_2.0.0/STM32CubeIDE/plugins/com.st.stm32cube.ide.mcu.externaltools.gnu-tools-for-stm32.13.3.rel1.win32_1.0.100.202509120712/tools/bin/../lib/gcc/arm-none-eabi/13.3.1/../../../../arm-none-eabi/lib/thumb/v7e-m+fp/hard\libc_nano.a(libc_a-errno.o)
                0x080083c8                __errno
 .text.__libc_init_array
                0x080083d4       0x48 C:/ST/STM32CubeIDE_2.0.0/STM32CubeIDE/plugins/com.st.stm32cube.ide.mcu.externaltools.gnu-tools-for-stm32.13.3.rel1.win32_1.0.100.202509120712/tools/bin/../lib/gcc/arm-none-eabi/13.3.1/../../../../arm-none-eabi/lib/thumb/v7e-m+fp/hard\libc_nano.a(libc_a-init.o)
                0x080083d4                __libc_init_array
 *fill*         0x0800841c        0x4 
 .text.log      0x08008420       0x7c C:/ST/STM32CubeIDE_2.0.0/STM32CubeIDE/plugins/com.st.stm32cube.ide.mcu.externaltools.gnu-tools-for-stm32.13.3.rel1.win32_1.0.100.202509120712/tools/bin/../lib/gcc/arm-none-eabi/13.3.1/../../../../arm-none-eabi/lib/thumb/v7e-m+fp/hard\libm.a(libm_a-w_log.o)
                0x08008420                log
 *fill*         0x0800849c        0x4 
 .text.nan      0x080084a0       0x10 C:/ST/STM32CubeIDE_2.0.0/STM32CubeIDE/plugins/com.st.stm32cube.ide.mcu.externaltools.gnu-tools-for-stm32.13.3.rel1.win32_1.0.100.202509120712/tools/bin/../lib/gcc/arm-none-eabi/13.3.1/../../../../arm-none-eabi/lib/thumb/v7e-m+fp/hard\libm.a(libm_a-s_nan.o)
                0x080084a0                nan
 .text.__ieee754_log
                0x080084b0      0x36c C:/ST/STM32CubeIDE_2.0.0/STM32CubeIDE/plugins/com.st.stm32cube.ide.mcu.externaltools.gnu-tools-for-stm32.13.3.rel1.win32_1.0.100.202509120712/tools/bin/../lib/gcc/arm-none-eabi/13.3.1/../../../../arm-none-eabi/lib/thumb/v7e-m+fp/hard\libm.a(libm_a-e_log.o)
                0x080084b0                __ieee754_log
 *(.glue_7)
 .glue_7        0x0800881c        0x0 linker stubs
 *(.glue_7t)
 .glue_7t       0x0800881c        0x0 linker stubs
 *(.eh_frame)
 .eh_frame      0x0800881c        0x0 C:/ST/STM32CubeIDE_2.0.0/STM32CubeIDE/plugins/com.st.stm32cube.ide.mcu.externaltools.gnu-tools-for-stm32.13.3.rel1.win32_1.0.100.202509120712/tools/bin/../lib/gcc/arm-none-eabi/13.3.1/thumb/v7e-m+fp/hard/crtbegin.o
 *(.init)
 .init          0x0800881c        0x4 C:/ST/STM32CubeIDE_2.0.0/STM32CubeIDE/plugins/com.st.stm32cube.ide.mcu.externaltools.gnu-tools-for-stm32.13.3.rel1.win32_1.0.100.202509120712/tools/bin/../lib/gcc/arm-none-eabi/13.3.1/thumb/v7e-m+fp/hard/crti.o
                0x0800881c                _init
 .init          0x08008820        0x8 C:/ST/STM32CubeIDE_2.0.0/STM32CubeIDE/plugins/com.st.stm32cube.ide.mcu.externaltools.gnu-tools-for-stm32.13.3.rel1.win32_1.0.100.202509120712/tools/bin/../lib/gcc/arm-none-eabi/13.3.1/thumb/v7e-m+fp/hard/crtn.o
 *(.fini)
 .fini          0x08008828        0x4 C:/ST/STM32CubeIDE_2.0.0/STM32CubeIDE/plugins/com.st.stm32cube.ide.mcu.externaltools.gnu-tools-for-stm32.13.3.rel1.win32_1.0.100.202509120712/tools/bin/../lib/gcc/arm-none-eabi/13.3.1/thumb/v7e-m+fp/hard/crti.o
                0x08008828                _fini
 .fini          0x0800882c        0x8 C:/ST/STM32CubeIDE_2.0.0/STM32CubeIDE/plugins/com.st.stm32cube.ide.mcu.externaltools.gnu-tools-for-stm32.13.3.rel1.win32_1.0.100.202509120712/tools/bin/../lib/gcc/arm-none-eabi/13.3.1/thumb/v7e-m+fp/hard/crtn.o
                0x08008834                        . = ALIGN (0x4)
                0x08008834                        _etext = .

.vfp11_veneer   0x08008834        0x0
 .vfp11_veneer  0x08008834        0x0 linker stubs

.v4_bx          0x08008834        0x0
 .v4_bx         0x08008834        0x0 linker stubs

.iplt           0x08008834        0x0
 .iplt          0x08008834        0x0 C:/ST/STM32CubeIDE_2.0.0/STM32CubeIDE/plugins/com.st.stm32cube.ide.mcu.externaltools.gnu-tools-for-stm32.13.3.rel1.win32_1.0.100.202509120712/tools/bin/../lib/gcc/arm-none-eabi/13.3.1/thumb/v7e-m+fp/hard/crtbegin.o

.rodata         0x08008834      0x454
                0x08008834                        . = ALIGN (0x4)
 *(.rodata)
 *(.rodata*)
 .rodata.crc15Table
                0x08008834      0x400 ./Core/Src/LTC681x.o
 .rodata.AHBPrescTable
                0x08008c34       0x10 ./Core/Src/system_stm32g4xx.o
                0x08008c34                AHBPrescTable
 .rodata.APBPrescTable
                0x08008c44        0x8 ./Core/Src/system_stm32g4xx.o
                0x08008c44                APBPrescTable
 .rodata.DLCtoBytes
                0x08008c4c       0x10 ./Drivers/STM32G4xx_HAL_Driver/Src/stm32g4xx_hal_fdcan.o
 .rodata.UARTPrescTable
                0x08008c5c       0x18 ./Drivers/STM32G4xx_HAL_Driver/Src/stm32g4xx_hal_uart.o
                0x08008c5c                UARTPrescTable
 .rodata.numerator.1
                0x08008c74        0x8 ./Drivers/STM32G4xx_HAL_Driver/Src/stm32g4xx_hal_uart_ex.o
 .rodata.denominator.0
                0x08008c7c        0x8 ./Drivers/STM32G4xx_HAL_Driver/Src/stm32g4xx_hal_uart_ex.o
 .rodata.log.str1.1
                0x08008c84        0x1 C:/ST/STM32CubeIDE_2.0.0/STM32CubeIDE/plugins/com.st.stm32cube.ide.mcu.externaltools.gnu-tools-for-stm32.13.3.rel1.win32_1.0.100.202509120712/tools/bin/../lib/gcc/arm-none-eabi/13.3.1/../../../../arm-none-eabi/lib/thumb/v7e-m+fp/hard\libm.a(libm_a-w_log.o)
                0x08008c88                        . = ALIGN (0x4)
 *fill*         0x08008c85        0x3 

.ARM.extab      0x08008c88        0x0
                0x08008c88                        . = ALIGN (0x4)
 *(.ARM.extab* .gnu.linkonce.armextab.*)
                0x08008c88                        . = ALIGN (0x4)

.ARM            0x08008c88        0x8
                0x08008c88                        . = ALIGN (0x4)
                0x08008c88                        __exidx_start = .
 *(.ARM.exidx*)
 .ARM.exidx     0x08008c88        0x8 C:/ST/STM32CubeIDE_2.0.0/STM32CubeIDE/plugins/com.st.stm32cube.ide.mcu.externaltools.gnu-tools-for-stm32.13.3.rel1.win32_1.0.100.202509120712/tools/bin/../lib/gcc/arm-none-eabi/13.3.1/thumb/v7e-m+fp/hard\libgcc.a(_udivmoddi4.o)
                0x08008c90                        __exidx_end = .
                0x08008c90                        . = ALIGN (0x4)

.rel.dyn        0x08008c90        0x0
 .rel.iplt      0x08008c90        0x0 C:/ST/STM32CubeIDE_2.0.0/STM32CubeIDE/plugins/com.st.stm32cube.ide.mcu.externaltools.gnu-tools-for-stm32.13.3.rel1.win32_1.0.100.202509120712/tools/bin/../lib/gcc/arm-none-eabi/13.3.1/thumb/v7e-m+fp/hard/crtbegin.o

.preinit_array  0x08008c90        0x0
                0x08008c90                        . = ALIGN (0x4)
                0x08008c90                        PROVIDE (__preinit_array_start = .)
 *(.preinit_array*)
                0x08008c90                        PROVIDE (__preinit_array_end = .)
                0x08008c90                        . = ALIGN (0x4)

.init_array     0x08008c90        0x4
                0x08008c90                        . = ALIGN (0x4)
                0x08008c90                        PROVIDE (__init_array_start = .)
 *(SORT_BY_NAME(.init_array.*))
 *(.init_array*)
 .init_array    0x08008c90        0x4 C:/ST/STM32CubeIDE_2.0.0/STM32CubeIDE/plugins/com.st.stm32cube.ide.mcu.externaltools.gnu-tools-for-stm32.13.3.rel1.win32_1.0.100.202509120712/tools/bin/../lib/gcc/arm-none-eabi/13.3.1/thumb/v7e-m+fp/hard/crtbegin.o
                0x08008c94                        PROVIDE (__init_array_end = .)
                0x08008c94                        . = ALIGN (0x4)

.fini_array     0x08008c94        0x4
                0x08008c94                        . = ALIGN (0x4)
                [!provide]                        PROVIDE (__fini_array_start = .)
 *(SORT_BY_NAME(.fini_array.*))
 *(.fini_array*)
 .fini_array    0x08008c94        0x4 C:/ST/STM32CubeIDE_2.0.0/STM32CubeIDE/plugins/com.st.stm32cube.ide.mcu.externaltools.gnu-tools-for-stm32.13.3.rel1.win32_1.0.100.202509120712/tools/bin/../lib/gcc/arm-none-eabi/13.3.1/thumb/v7e-m+fp/hard/crtbegin.o
                [!provide]                        PROVIDE (__fini_array_end = .)
                0x08008c98                        . = ALIGN (0x4)
                0x08008c98                        _sidata = LOADADDR (.data)

.data           0x20000000       0x88 load address 0x08008c98
                0x20000000                        . = ALIGN (0x4)
                0x20000000                        _sdata = .
 *(.data)
 *(.data*)
 .data.limits   0x20000000       0x2c ./Core/Src/operation.o
                0x20000000                limits
 .data.SystemCoreClock
                0x2000002c        0x4 ./Core/Src/system_stm32g4xx.o
                0x2000002c                SystemCoreClock
 .data.uwTickPrio
                0x20000030        0x4 ./Drivers/STM32G4xx_HAL_Driver/Src/stm32g4xx_hal.o
                0x20000030                uwTickPrio
 .data.uwTickFreq
                0x20000034        0x4 ./Drivers/STM32G4xx_HAL_Driver/Src/stm32g4xx_hal.o
                0x20000034                uwTickFreq
 .data._impure_ptr
                0x20000038        0x4 C:/ST/STM32CubeIDE_2.0.0/STM32CubeIDE/plugins/com.st.stm32cube.ide.mcu.externaltools.gnu-tools-for-stm32.13.3.rel1.win32_1.0.100.202509120712/tools/bin/../lib/gcc/arm-none-eabi/13.3.1/../../../../arm-none-eabi/lib/thumb/v7e-m+fp/hard\libc_nano.a(libc_a-impure.o)
                0x20000038                _impure_ptr
 .data._impure_data
                0x2000003c       0x4c C:/ST/STM32CubeIDE_2.0.0/STM32CubeIDE/plugins/com.st.stm32cube.ide.mcu.externaltools.gnu-tools-for-stm32.13.3.rel1.win32_1.0.100.202509120712/tools/bin/../lib/gcc/arm-none-eabi/13.3.1/../../../../arm-none-eabi/lib/thumb/v7e-m+fp/hard\libc_nano.a(libc_a-impure.o)
                0x2000003c                _impure_data
 *(.RamFunc)
 *(.RamFunc*)
                0x20000088                        . = ALIGN (0x4)
                0x20000088                        _edata = .

.igot.plt       0x20000088        0x0 load address 0x08008d20
 .igot.plt      0x20000088        0x0 C:/ST/STM32CubeIDE_2.0.0/STM32CubeIDE/plugins/com.st.stm32cube.ide.mcu.externaltools.gnu-tools-for-stm32.13.3.rel1.win32_1.0.100.202509120712/tools/bin/../lib/gcc/arm-none-eabi/13.3.1/thumb/v7e-m+fp/hard/crtbegin.o
                0x20000088                        . = ALIGN (0x4)

.bss            0x20000088      0x45c load address 0x08008d20
                0x20000088                        _sbss = .
                0x20000088                        __bss_start__ = _sbss
 *(.bss)
 .bss           0x20000088       0x1c C:/ST/STM32CubeIDE_2.0.0/STM32CubeIDE/plugins/com.st.stm32cube.ide.mcu.externaltools.gnu-tools-for-stm32.13.3.rel1.win32_1.0.100.202509120712/tools/bin/../lib/gcc/arm-none-eabi/13.3.1/thumb/v7e-m+fp/hard/crtbegin.o
 *(.bss*)
 .bss.ADCV      0x200000a4        0x2 ./Core/Src/LTC681x.o
                0x200000a4                ADCV
 *fill*         0x200000a6        0x2 
 .bss.ADAX      0x200000a8        0x2 ./Core/Src/LTC681x.o
                0x200000a8                ADAX
 *fill*         0x200000aa        0x2 
 .bss.ADSTAT    0x200000ac        0x2 ./Core/Src/LTC681x.o
                0x200000ac                ADSTAT
 *fill*         0x200000ae        0x2 
 .bss.hfdcan1   0x200000b0       0x64 ./Core/Src/main.o
                0x200000b0                hfdcan1
 .bss.hspi1     0x20000114       0x64 ./Core/Src/main.o
                0x20000114                hspi1
 .bss.htim8     0x20000178       0x4c ./Core/Src/main.o
                0x20000178                htim8
 .bss.huart2    0x200001c4       0x94 ./Core/Src/main.o
                0x200001c4                huart2
 .bss.TxHeader  0x20000258       0x24 ./Core/Src/main.o
                0x20000258                TxHeader
 .bss.RxHeader  0x2000027c       0x28 ./Core/Src/main.o
                0x2000027c                RxHeader
 .bss.CAN_RxData
                0x200002a4        0x8 ./Core/Src/main.o
                0x200002a4                CAN_RxData
 .bss.cell_data
                0x200002ac       0x30 ./Core/Src/operation.o
                0x200002ac                cell_data
 .bss.temp_data
                0x200002dc       0x30 ./Core/Src/operation.o
                0x200002dc                temp_data
 .bss.slave_cfg_tx
                0x2000030c        0xc ./Core/Src/operation.o
                0x2000030c                slave_cfg_tx
 .bss.slave_cfgb_tx
                0x20000318        0xc ./Core/Src/operation.o
                0x20000318                slave_cfgb_tx
 .bss.slave_cfg_rx
                0x20000324       0x10 ./Core/Src/operation.o
                0x20000324                slave_cfg_rx
 .bss.status_data
                0x20000334       0x74 ./Core/Src/operation.o
                0x20000334                status_data
 .bss.uwTick    0x200003a8        0x4 ./Drivers/STM32G4xx_HAL_Driver/Src/stm32g4xx_hal.o
                0x200003a8                uwTick
 .bss.__sf      0x200003ac      0x138 C:/ST/STM32CubeIDE_2.0.0/STM32CubeIDE/plugins/com.st.stm32cube.ide.mcu.externaltools.gnu-tools-for-stm32.13.3.rel1.win32_1.0.100.202509120712/tools/bin/../lib/gcc/arm-none-eabi/13.3.1/../../../../arm-none-eabi/lib/thumb/v7e-m+fp/hard\libc_nano.a(libc_a-findfp.o)
                0x200003ac                __sf
 *(COMMON)
                0x200004e4                        . = ALIGN (0x4)
                0x200004e4                        _ebss = .
                0x200004e4                        __bss_end__ = _ebss

._user_heap_stack
                0x200004e4      0x604 load address 0x08008d20
                0x200004e8                        . = ALIGN (0x8)
 *fill*         0x200004e4        0x4 
                [!provide]                        PROVIDE (end = .)
                0x200004e8                        PROVIDE (_end = .)
                0x200006e8                        . = (. + _Min_Heap_Size)
 *fill*         0x200004e8      0x200 
                0x20000ae8                        . = (. + _Min_Stack_Size)
 *fill*         0x200006e8      0x400 
                0x20000ae8                        . = ALIGN (0x8)

/DISCARD/
 libc.a(*)
 libm.a(*)
 libgcc.a(*)

.ARM.attributes
                0x00000000       0x30
 *(.ARM.attributes)
 .ARM.attributes
                0x00000000       0x22 C:/ST/STM32CubeIDE_2.0.0/STM32CubeIDE/plugins/com.st.stm32cube.ide.mcu.externaltools.gnu-tools-for-stm32.13.3.rel1.win32_1.0.100.202509120712/tools/bin/../lib/gcc/arm-none-eabi/13.3.1/thumb/v7e-m+fp/hard/crti.o
 .ARM.attributes
                0x00000022       0x34 C:/ST/STM32CubeIDE_2.0.0/STM32CubeIDE/plugins/com.st.stm32cube.ide.mcu.externaltools.gnu-tools-for-stm32.13.3.rel1.win32_1.0.100.202509120712/tools/bin/../lib/gcc/arm-none-eabi/13.3.1/thumb/v7e-m+fp/hard/crtbegin.o
 .ARM.attributes
                0x00000056       0x34 ./Core/Src/LTC681x.o
 .ARM.attributes
                0x0000008a       0x34 ./Core/Src/calculations.o
 .ARM.attributes
                0x000000be       0x34 ./Core/Src/can.o
 .ARM.attributes
                0x000000f2       0x34 ./Core/Src/isoSpi.o
 .ARM.attributes
                0x00000126       0x34 ./Core/Src/main.o
 .ARM.attributes
                0x0000015a       0x34 ./Core/Src/operation.o
 .ARM.attributes
                0x0000018e       0x34 ./Core/Src/pwm.o
 .ARM.attributes
                0x000001c2       0x34 ./Core/Src/stm32g4xx_hal_msp.o
 .ARM.attributes
                0x000001f6       0x34 ./Core/Src/stm32g4xx_it.o
 .ARM.attributes
                0x0000022a       0x34 ./Core/Src/system_stm32g4xx.o
 .ARM.attributes
                0x0000025e       0x34 ./Core/Src/temp_calc.o
 .ARM.attributes
                0x00000292       0x21 ./Core/Startup/startup_stm32g431kbtx.o
 .ARM.attributes
                0x000002b3       0x34 ./Drivers/STM32G4xx_HAL_Driver/Src/stm32g4xx_hal.o
 .ARM.attributes
                0x000002e7       0x34 ./Drivers/STM32G4xx_HAL_Driver/Src/stm32g4xx_hal_cortex.o
 .ARM.attributes
                0x0000031b       0x34 ./Drivers/STM32G4xx_HAL_Driver/Src/stm32g4xx_hal_fdcan.o
 .ARM.attributes
                0x0000034f       0x34 ./Drivers/STM32G4xx_HAL_Driver/Src/stm32g4xx_hal_gpio.o
 .ARM.attributes
                0x00000383       0x34 ./Drivers/STM32G4xx_HAL_Driver/Src/stm32g4xx_hal_pwr_ex.o
 .ARM.attributes
                0x000003b7       0x34 ./Drivers/STM32G4xx_HAL_Driver/Src/stm32g4xx_hal_rcc.o
 .ARM.attributes
                0x000003eb       0x34 ./Drivers/STM32G4xx_HAL_Driver/Src/stm32g4xx_hal_rcc_ex.o
 .ARM.attributes
                0x0000041f       0x34 ./Drivers/STM32G4xx_HAL_Driver/Src/stm32g4xx_hal_spi.o
 .ARM.attributes
                0x00000453       0x34 ./Drivers/STM32G4xx_HAL_Driver/Src/stm32g4xx_hal_tim.o
 .ARM.attributes
                0x00000487       0x34 ./Drivers/STM32G4xx_HAL_Driver/Src/stm32g4xx_hal_tim_ex.o
 .ARM.attributes
                0x000004bb       0x34 ./Drivers/STM32G4xx_HAL_Driver/Src/stm32g4xx_hal_uart.o
 .ARM.attributes
                0x000004ef       0x34 ./Drivers/STM32G4xx_HAL_Driver/Src/stm32g4xx_hal_uart_ex.o
 .ARM.attributes
                0x00000523       0x34 C:/ST/STM32CubeIDE_2.0.0/STM32CubeIDE/plugins/com.st.stm32cube.ide.mcu.externaltools.gnu-tools-for-stm32.13.3.rel1.win32_1.0.100.202509120712/tools/bin/../lib/gcc/arm-none-eabi/13.3.1/../../../../arm-none-eabi/lib/thumb/v7e-m+fp/hard\libc_nano.a(libc_a-findfp.o)
 .ARM.attributes
                0x00000557       0x34 C:/ST/STM32CubeIDE_2.0.0/STM32CubeIDE/plugins/com.st.stm32cube.ide.mcu.externaltools.gnu-tools-for-stm32.13.3.rel1.win32_1.0.100.202509120712/tools/bin/../lib/gcc/arm-none-eabi/13.3.1/../../../../arm-none-eabi/lib/thumb/v7e-m+fp/hard\libc_nano.a(libc_a-memset.o)
 .ARM.attributes
                0x0000058b       0x34 C:/ST/STM32CubeIDE_2.0.0/STM32CubeIDE/plugins/com.st.stm32cube.ide.mcu.externaltools.gnu-tools-for-stm32.13.3.rel1.win32_1.0.100.202509120712/tools/bin/../lib/gcc/arm-none-eabi/13.3.1/../../../../arm-none-eabi/lib/thumb/v7e-m+fp/hard\libc_nano.a(libc_a-impure.o)
 .ARM.attributes
                0x000005bf       0x34 C:/ST/STM32CubeIDE_2.0.0/STM32CubeIDE/plugins/com.st.stm32cube.ide.mcu.externaltools.gnu-tools-for-stm32.13.3.rel1.win32_1.0.100.202509120712/tools/bin/../lib/gcc/arm-none-eabi/13.3.1/../../../../arm-none-eabi/lib/thumb/v7e-m+fp/hard\libc_nano.a(libc_a-errno.o)
 .ARM.attributes
                0x000005f3       0x34 C:/ST/STM32CubeIDE_2.0.0/STM32CubeIDE/plugins/com.st.stm32cube.ide.mcu.externaltools.gnu-tools-for-stm32.13.3.rel1.win32_1.0.100.202509120712/tools/bin/../lib/gcc/arm-none-eabi/13.3.1/../../../../arm-none-eabi/lib/thumb/v7e-m+fp/hard\libc_nano.a(libc_a-init.o)
 .ARM.attributes
                0x00000627       0x34 C:/ST/STM32CubeIDE_2.0.0/STM32CubeIDE/plugins/com.st.stm32cube.ide.mcu.externaltools.gnu-tools-for-stm32.13.3.rel1.win32_1.0.100.202509120712/tools/bin/../lib/gcc/arm-none-eabi/13.3.1/../../../../arm-none-eabi/lib/thumb/v7e-m+fp/hard\libm.a(libm_a-w_log.o)
 .ARM.attributes
                0x0000065b       0x34 C:/ST/STM32CubeIDE_2.0.0/STM32CubeIDE/plugins/com.st.stm32cube.ide.mcu.externaltools.gnu-tools-for-stm32.13.3.rel1.win32_1.0.100.202509120712/tools/bin/../lib/gcc/arm-none-eabi/13.3.1/../../../../arm-none-eabi/lib/thumb/v7e-m+fp/hard\libm.a(libm_a-s_nan.o)
 .ARM.attributes
                0x0000068f       0x34 C:/ST/STM32CubeIDE_2.0.0/STM32CubeIDE/plugins/com.st.stm32cube.ide.mcu.externaltools.gnu-tools-for-stm32.13.3.rel1.win32_1.0.100.202509120712/tools/bin/../lib/gcc/arm-none-eabi/13.3.1/../../../../arm-none-eabi/lib/thumb/v7e-m+fp/hard\libm.a(libm_a-e_log.o)
 .ARM.attributes
                0x000006c3       0x22 C:/ST/STM32CubeIDE_2.0.0/STM32CubeIDE/plugins/com.st.stm32cube.ide.mcu.externaltools.gnu-tools-for-stm32.13.3.rel1.win32_1.0.100.202509120712/tools/bin/../lib/gcc/arm-none-eabi/13.3.1/thumb/v7e-m+fp/hard\libgcc.a(_arm_addsubdf3.o)
 .ARM.attributes
                0x000006e5       0x22 C:/ST/STM32CubeIDE_2.0.0/STM32CubeIDE/plugins/com.st.stm32cube.ide.mcu.externaltools.gnu-tools-for-stm32.13.3.rel1.win32_1.0.100.202509120712/tools/bin/../lib/gcc/arm-none-eabi/13.3.1/thumb/v7e-m+fp/hard\libgcc.a(_arm_muldivdf3.o)
 .ARM.attributes
                0x00000707       0x22 C:/ST/STM32CubeIDE_2.0.0/STM32CubeIDE/plugins/com.st.stm32cube.ide.mcu.externaltools.gnu-tools-for-stm32.13.3.rel1.win32_1.0.100.202509120712/tools/bin/../lib/gcc/arm-none-eabi/13.3.1/thumb/v7e-m+fp/hard\libgcc.a(_arm_cmpdf2.o)
 .ARM.attributes
                0x00000729       0x22 C:/ST/STM32CubeIDE_2.0.0/STM32CubeIDE/plugins/com.st.stm32cube.ide.mcu.externaltools.gnu-tools-for-stm32.13.3.rel1.win32_1.0.100.202509120712/tools/bin/../lib/gcc/arm-none-eabi/13.3.1/thumb/v7e-m+fp/hard\libgcc.a(_arm_unorddf2.o)
 .ARM.attributes
                0x0000074b       0x22 C:/ST/STM32CubeIDE_2.0.0/STM32CubeIDE/plugins/com.st.stm32cube.ide.mcu.externaltools.gnu-tools-for-stm32.13.3.rel1.win32_1.0.100.202509120712/tools/bin/../lib/gcc/arm-none-eabi/13.3.1/thumb/v7e-m+fp/hard\libgcc.a(_arm_truncdfsf2.o)
 .ARM.attributes
                0x0000076d       0x22 C:/ST/STM32CubeIDE_2.0.0/STM32CubeIDE/plugins/com.st.stm32cube.ide.mcu.externaltools.gnu-tools-for-stm32.13.3.rel1.win32_1.0.100.202509120712/tools/bin/../lib/gcc/arm-none-eabi/13.3.1/thumb/v7e-m+fp/hard\libgcc.a(_aeabi_uldivmod.o)
 .ARM.attributes
                0x0000078f       0x34 C:/ST/STM32CubeIDE_2.0.0/STM32CubeIDE/plugins/com.st.stm32cube.ide.mcu.externaltools.gnu-tools-for-stm32.13.3.rel1.win32_1.0.100.202509120712/tools/bin/../lib/gcc/arm-none-eabi/13.3.1/thumb/v7e-m+fp/hard\libgcc.a(_udivmoddi4.o)
 .ARM.attributes
                0x000007c3       0x22 C:/ST/STM32CubeIDE_2.0.0/STM32CubeIDE/plugins/com.st.stm32cube.ide.mcu.externaltools.gnu-tools-for-stm32.13.3.rel1.win32_1.0.100.202509120712/tools/bin/../lib/gcc/arm-none-eabi/13.3.1/thumb/v7e-m+fp/hard\libgcc.a(_dvmd_tls.o)
 .ARM.attributes
                0x000007e5       0x22 C:/ST/STM32CubeIDE_2.0.0/STM32CubeIDE/plugins/com.st.stm32cube.ide.mcu.externaltools.gnu-tools-for-stm32.13.3.rel1.win32_1.0.100.202509120712/tools/bin/../lib/gcc/arm-none-eabi/13.3.1/thumb/v7e-m+fp/hard/crtn.o
OUTPUT(dev_bms.elf elf32-littlearm)
LOAD linker stubs
LOAD C:/ST/STM32CubeIDE_2.0.0/STM32CubeIDE/plugins/com.st.stm32cube.ide.mcu.externaltools.gnu-tools-for-stm32.13.3.rel1.win32_1.0.100.202509120712/tools/bin/../lib/gcc/arm-none-eabi/13.3.1/../../../../arm-none-eabi/lib/thumb/v7e-m+fp/hard\libc.a
LOAD C:/ST/STM32CubeIDE_2.0.0/STM32CubeIDE/plugins/com.st.stm32cube.ide.mcu.externaltools.gnu-tools-for-stm32.13.3.rel1.win32_1.0.100.202509120712/tools/bin/../lib/gcc/arm-none-eabi/13.3.1/../../../../arm-none-eabi/lib/thumb/v7e-m+fp/hard\libm.a
LOAD C:/ST/STM32CubeIDE_2.0.0/STM32CubeIDE/plugins/com.st.stm32cube.ide.mcu.externaltools.gnu-tools-for-stm32.13.3.rel1.win32_1.0.100.202509120712/tools/bin/../lib/gcc/arm-none-eabi/13.3.1/thumb/v7e-m+fp/hard\libgcc.a

.debug_info     0x00000000    0x1a686
 .debug_info    0x00000000     0x1061 ./Core/Src/LTC681x.o
 .debug_info    0x00001061      0x775 ./Core/Src/calculations.o
 .debug_info    0x000017d6      0xf32 ./Core/Src/can.o
 .debug_info    0x00002708      0xb6a ./Core/Src/isoSpi.o
 .debug_info    0x00003272     0x1fe0 ./Core/Src/main.o
 .debug_info    0x00005252      0xc43 ./Core/Src/operation.o
 .debug_info    0x00005e95      0xbc7 ./Core/Src/pwm.o
 .debug_info    0x00006a5c     0x1c66 ./Core/Src/stm32g4xx_hal_msp.o
 .debug_info    0x000086c2      0x606 ./Core/Src/stm32g4xx_it.o
 .debug_info    0x00008cc8      0x58e ./Core/Src/system_stm32g4xx.o
 .debug_info    0x00009256      0x233 ./Core/Src/temp_calc.o
 .debug_info    0x00009489       0x30 ./Core/Startup/startup_stm32g431kbtx.o
 .debug_info    0x000094b9      0xadb ./Drivers/STM32G4xx_HAL_Driver/Src/stm32g4xx_hal.o
 .debug_info    0x00009f94      0xcf3 ./Drivers/STM32G4xx_HAL_Driver/Src/stm32g4xx_hal_cortex.o
 .debug_info    0x0000ac87     0x189c ./Drivers/STM32G4xx_HAL_Driver/Src/stm32g4xx_hal_fdcan.o
 .debug_info    0x0000c523      0x763 ./Drivers/STM32G4xx_HAL_Driver/Src/stm32g4xx_hal_gpio.o
 .debug_info    0x0000cc86      0x93f ./Drivers/STM32G4xx_HAL_Driver/Src/stm32g4xx_hal_pwr_ex.o
 .debug_info    0x0000d5c5      0xb82 ./Drivers/STM32G4xx_HAL_Driver/Src/stm32g4xx_hal_rcc.o
 .debug_info    0x0000e147      0xc15 ./Drivers/STM32G4xx_HAL_Driver/Src/stm32g4xx_hal_rcc_ex.o
 .debug_info    0x0000ed5c     0x1748 ./Drivers/STM32G4xx_HAL_Driver/Src/stm32g4xx_hal_spi.o
 .debug_info    0x000104a4     0x2c52 ./Drivers/STM32G4xx_HAL_Driver/Src/stm32g4xx_hal_tim.o
 .debug_info    0x000130f6     0x1d95 ./Drivers/STM32G4xx_HAL_Driver/Src/stm32g4xx_hal_tim_ex.o
 .debug_info    0x00014e8b     0x481e ./Drivers/STM32G4xx_HAL_Driver/Src/stm32g4xx_hal_uart.o
 .debug_info    0x000196a9      0xfdd ./Drivers/STM32G4xx_HAL_Driver/Src/stm32g4xx_hal_uart_ex.o

.debug_abbrev   0x00000000     0x34d1
 .debug_abbrev  0x00000000      0x2ce ./Core/Src/LTC681x.o
 .debug_abbrev  0x000002ce      0x103 ./Core/Src/calculations.o
 .debug_abbrev  0x000003d1      0x25a ./Core/Src/can.o
 .debug_abbrev  0x0000062b      0x1eb ./Core/Src/isoSpi.o
 .debug_abbrev  0x00000816      0x2fe ./Core/Src/main.o
 .debug_abbrev  0x00000b14      0x378 ./Core/Src/operation.o
 .debug_abbrev  0x00000e8c      0x1da ./Core/Src/pwm.o
 .debug_abbrev  0x00001066      0x295 ./Core/Src/stm32g4xx_hal_msp.o
 .debug_abbrev  0x000012fb      0x15b ./Core/Src/stm32g4xx_it.o
 .debug_abbrev  0x00001456      0x11a ./Core/Src/system_stm32g4xx.o
 .debug_abbrev  0x00001570      0x108 ./Core/Src/temp_calc.o
 .debug_abbrev  0x00001678       0x24 ./Core/Startup/startup_stm32g431kbtx.o
 .debug_abbrev  0x0000169c      0x271 ./Drivers/STM32G4xx_HAL_Driver/Src/stm32g4xx_hal.o
 .debug_abbrev  0x0000190d      0x31c ./Drivers/STM32G4xx_HAL_Driver/Src/stm32g4xx_hal_cortex.o
 .debug_abbrev  0x00001c29      0x1e7 ./Drivers/STM32G4xx_HAL_Driver/Src/stm32g4xx_hal_fdcan.o
 .debug_abbrev  0x00001e10      0x1cb ./Drivers/STM32G4xx_HAL_Driver/Src/stm32g4xx_hal_gpio.o
 .debug_abbrev  0x00001fdb      0x22c ./Drivers/STM32G4xx_HAL_Driver/Src/stm32g4xx_hal_pwr_ex.o
 .debug_abbrev  0x00002207      0x2c9 ./Drivers/STM32G4xx_HAL_Driver/Src/stm32g4xx_hal_rcc.o
 .debug_abbrev  0x000024d0      0x258 ./Drivers/STM32G4xx_HAL_Driver/Src/stm32g4xx_hal_rcc_ex.o
 .debug_abbrev  0x00002728      0x267 ./Drivers/STM32G4xx_HAL_Driver/Src/stm32g4xx_hal_spi.o
 .debug_abbrev  0x0000298f      0x2a7 ./Drivers/STM32G4xx_HAL_Driver/Src/stm32g4xx_hal_tim.o
 .debug_abbrev  0x00002c36      0x2c5 ./Drivers/STM32G4xx_HAL_Driver/Src/stm32g4xx_hal_tim_ex.o
 .debug_abbrev  0x00002efb      0x304 ./Drivers/STM32G4xx_HAL_Driver/Src/stm32g4xx_hal_uart.o
 .debug_abbrev  0x000031ff      0x2d2 ./Drivers/STM32G4xx_HAL_Driver/Src/stm32g4xx_hal_uart_ex.o

.debug_aranges  0x00000000     0x1670
 .debug_aranges
                0x00000000       0xd8 ./Core/Src/LTC681x.o
 .debug_aranges
                0x000000d8       0x48 ./Core/Src/calculations.o
 .debug_aranges
                0x00000120       0x70 ./Core/Src/can.o
 .debug_aranges
                0x00000190       0x40 ./Core/Src/isoSpi.o
 .debug_aranges
                0x000001d0       0x58 ./Core/Src/main.o
 .debug_aranges
                0x00000228       0xb0 ./Core/Src/operation.o
 .debug_aranges
                0x000002d8       0x28 ./Core/Src/pwm.o
 .debug_aranges
                0x00000300       0x68 ./Core/Src/stm32g4xx_hal_msp.o
 .debug_aranges
                0x00000368       0x68 ./Core/Src/stm32g4xx_it.o
 .debug_aranges
                0x000003d0       0x28 ./Core/Src/system_stm32g4xx.o
 .debug_aranges
                0x000003f8       0x20 ./Core/Src/temp_calc.o
 .debug_aranges
                0x00000418       0x28 ./Core/Startup/startup_stm32g431kbtx.o
 .debug_aranges
                0x00000440      0x148 ./Drivers/STM32G4xx_HAL_Driver/Src/stm32g4xx_hal.o
 .debug_aranges
                0x00000588      0x118 ./Drivers/STM32G4xx_HAL_Driver/Src/stm32g4xx_hal_cortex.o
 .debug_aranges
                0x000006a0      0x208 ./Drivers/STM32G4xx_HAL_Driver/Src/stm32g4xx_hal_fdcan.o
 .debug_aranges
                0x000008a8       0x58 ./Drivers/STM32G4xx_HAL_Driver/Src/stm32g4xx_hal_gpio.o
 .debug_aranges
                0x00000900      0x140 ./Drivers/STM32G4xx_HAL_Driver/Src/stm32g4xx_hal_pwr_ex.o
 .debug_aranges
                0x00000a40       0x98 ./Drivers/STM32G4xx_HAL_Driver/Src/stm32g4xx_hal_rcc.o
 .debug_aranges
                0x00000ad8       0xb0 ./Drivers/STM32G4xx_HAL_Driver/Src/stm32g4xx_hal_rcc_ex.o
 .debug_aranges
                0x00000b88      0x1d8 ./Drivers/STM32G4xx_HAL_Driver/Src/stm32g4xx_hal_spi.o
 .debug_aranges
                0x00000d60      0x3e0 ./Drivers/STM32G4xx_HAL_Driver/Src/stm32g4xx_hal_tim.o
 .debug_aranges
                0x00001140      0x240 ./Drivers/STM32G4xx_HAL_Driver/Src/stm32g4xx_hal_tim_ex.o
 .debug_aranges
                0x00001380      0x248 ./Drivers/STM32G4xx_HAL_Driver/Src/stm32g4xx_hal_uart.o
 .debug_aranges
                0x000015c8       0xa8 ./Drivers/STM32G4xx_HAL_Driver/Src/stm32g4xx_hal_uart_ex.o

.debug_rnglists
                0x00000000     0x1176
 .debug_rnglists
                0x00000000       0xaa ./Core/Src/LTC681x.o
 .debug_rnglists
                0x000000aa       0x36 ./Core/Src/calculations.o
 .debug_rnglists
                0x000000e0       0x53 ./Core/Src/can.o
 .debug_rnglists
                0x00000133       0x2b ./Core/Src/isoSpi.o
 .debug_rnglists
                0x0000015e       0x42 ./Core/Src/main.o
 .debug_rnglists
                0x000001a0       0x85 ./Core/Src/operation.o
 .debug_rnglists
                0x00000225       0x19 ./Core/Src/pwm.o
 .debug_rnglists
                0x0000023e       0x4c ./Core/Src/stm32g4xx_hal_msp.o
 .debug_rnglists
                0x0000028a       0x49 ./Core/Src/stm32g4xx_it.o
 .debug_rnglists
                0x000002d3       0x1a ./Core/Src/system_stm32g4xx.o
 .debug_rnglists
                0x000002ed       0x14 ./Core/Src/temp_calc.o
 .debug_rnglists
                0x00000301       0x19 ./Core/Startup/startup_stm32g431kbtx.o
 .debug_rnglists
                0x0000031a       0xf1 ./Drivers/STM32G4xx_HAL_Driver/Src/stm32g4xx_hal.o
 .debug_rnglists
                0x0000040b       0xce ./Drivers/STM32G4xx_HAL_Driver/Src/stm32g4xx_hal_cortex.o
 .debug_rnglists
                0x000004d9      0x18d ./Drivers/STM32G4xx_HAL_Driver/Src/stm32g4xx_hal_fdcan.o
 .debug_rnglists
                0x00000666       0x3f ./Drivers/STM32G4xx_HAL_Driver/Src/stm32g4xx_hal_gpio.o
 .debug_rnglists
                0x000006a5       0xf1 ./Drivers/STM32G4xx_HAL_Driver/Src/stm32g4xx_hal_pwr_ex.o
 .debug_rnglists
                0x00000796       0x74 ./Drivers/STM32G4xx_HAL_Driver/Src/stm32g4xx_hal_rcc.o
 .debug_rnglists
                0x0000080a       0x87 ./Drivers/STM32G4xx_HAL_Driver/Src/stm32g4xx_hal_rcc_ex.o
 .debug_rnglists
                0x00000891      0x178 ./Drivers/STM32G4xx_HAL_Driver/Src/stm32g4xx_hal_spi.o
 .debug_rnglists
                0x00000a09      0x328 ./Drivers/STM32G4xx_HAL_Driver/Src/stm32g4xx_hal_tim.o
 .debug_rnglists
                0x00000d31      0x1cc ./Drivers/STM32G4xx_HAL_Driver/Src/stm32g4xx_hal_tim_ex.o
 .debug_rnglists
                0x00000efd      0x1fa ./Drivers/STM32G4xx_HAL_Driver/Src/stm32g4xx_hal_uart.o
 .debug_rnglists
                0x000010f7       0x7f ./Drivers/STM32G4xx_HAL_Driver/Src/stm32g4xx_hal_uart_ex.o

.debug_macro    0x00000000    0x20800
 .debug_macro   0x00000000      0x2f0 ./Core/Src/LTC681x.o
 .debug_macro   0x000002f0      0xad8 ./Core/Src/LTC681x.o
 .debug_macro   0x00000dc8       0x22 ./Core/Src/LTC681x.o
 .debug_macro   0x00000dea       0x8e ./Core/Src/LTC681x.o
 .debug_macro   0x00000e78       0x51 ./Core/Src/LTC681x.o
 .debug_macro   0x00000ec9      0x103 ./Core/Src/LTC681x.o
 .debug_macro   0x00000fcc       0x6a ./Core/Src/LTC681x.o
 .debug_macro   0x00001036      0x1df ./Core/Src/LTC681x.o
 .debug_macro   0x00001215       0x22 ./Core/Src/LTC681x.o
 .debug_macro   0x00001237      0x167 ./Core/Src/LTC681x.o
 .debug_macro   0x0000139e       0x2e ./Core/Src/LTC681x.o
 .debug_macro   0x000013cc       0x28 ./Core/Src/LTC681x.o
 .debug_macro   0x000013f4       0x1c ./Core/Src/LTC681x.o
 .debug_macro   0x00001410       0x22 ./Core/Src/LTC681x.o
 .debug_macro   0x00001432       0xfb ./Core/Src/LTC681x.o
 .debug_macro   0x0000152d     0x1011 ./Core/Src/LTC681x.o
 .debug_macro   0x0000253e      0x11f ./Core/Src/LTC681x.o
 .debug_macro   0x0000265d    0x11350 ./Core/Src/LTC681x.o
 .debug_macro   0x000139ad       0x6d ./Core/Src/LTC681x.o
 .debug_macro   0x00013a1a     0x354d ./Core/Src/LTC681x.o
 .debug_macro   0x00016f67      0x190 ./Core/Src/LTC681x.o
 .debug_macro   0x000170f7       0x5c ./Core/Src/LTC681x.o
 .debug_macro   0x00017153     0x141d ./Core/Src/LTC681x.o
 .debug_macro   0x00018570      0x535 ./Core/Src/LTC681x.o
 .debug_macro   0x00018aa5      0x1b6 ./Core/Src/LTC681x.o
 .debug_macro   0x00018c5b      0x288 ./Core/Src/LTC681x.o
 .debug_macro   0x00018ee3      0x41d ./Core/Src/LTC681x.o
 .debug_macro   0x00019300      0x18b ./Core/Src/LTC681x.o
 .debug_macro   0x0001948b       0x43 ./Core/Src/LTC681x.o
 .debug_macro   0x000194ce      0x23d ./Core/Src/LTC681x.o
 .debug_macro   0x0001970b      0x211 ./Core/Src/LTC681x.o
 .debug_macro   0x0001991c      0x6bd ./Core/Src/LTC681x.o
 .debug_macro   0x00019fd9      0x401 ./Core/Src/LTC681x.o
 .debug_macro   0x0001a3da      0x107 ./Core/Src/LTC681x.o
 .debug_macro   0x0001a4e1      0x122 ./Core/Src/LTC681x.o
 .debug_macro   0x0001a603      0x3d1 ./Core/Src/LTC681x.o
 .debug_macro   0x0001a9d4      0x2fe ./Core/Src/LTC681x.o
 .debug_macro   0x0001acd2      0xbda ./Core/Src/LTC681x.o
 .debug_macro   0x0001b8ac      0x47e ./Core/Src/LTC681x.o
 .debug_macro   0x0001bd2a      0x693 ./Core/Src/LTC681x.o
 .debug_macro   0x0001c3bd       0xa6 ./Core/Src/LTC681x.o
 .debug_macro   0x0001c463      0x306 ./Core/Src/LTC681x.o
 .debug_macro   0x0001c769       0x93 ./Core/Src/LTC681x.o
 .debug_macro   0x0001c7fc       0x76 ./Core/Src/LTC681x.o
 .debug_macro   0x0001c872       0x2a ./Core/Src/LTC681x.o
 .debug_macro   0x0001c89c       0x61 ./Core/Src/LTC681x.o
 .debug_macro   0x0001c8fd       0x43 ./Core/Src/LTC681x.o
 .debug_macro   0x0001c940       0x34 ./Core/Src/LTC681x.o
 .debug_macro   0x0001c974       0x16 ./Core/Src/LTC681x.o
 .debug_macro   0x0001c98a       0x3c ./Core/Src/LTC681x.o
 .debug_macro   0x0001c9c6      0x370 ./Core/Src/LTC681x.o
 .debug_macro   0x0001cd36       0x16 ./Core/Src/LTC681x.o
 .debug_macro   0x0001cd4c       0x4a ./Core/Src/LTC681x.o
 .debug_macro   0x0001cd96       0x34 ./Core/Src/LTC681x.o
 .debug_macro   0x0001cdca       0x10 ./Core/Src/LTC681x.o
 .debug_macro   0x0001cdda       0x58 ./Core/Src/LTC681x.o
 .debug_macro   0x0001ce32       0x8e ./Core/Src/LTC681x.o
 .debug_macro   0x0001cec0       0x1c ./Core/Src/LTC681x.o
 .debug_macro   0x0001cedc      0x185 ./Core/Src/LTC681x.o
 .debug_macro   0x0001d061       0x16 ./Core/Src/LTC681x.o
 .debug_macro   0x0001d077       0x29 ./Core/Src/LTC681x.o
 .debug_macro   0x0001d0a0      0x213 ./Core/Src/calculations.o
 .debug_macro   0x0001d2b3      0x225 ./Core/Src/can.o
 .debug_macro   0x0001d4d8       0xa6 ./Core/Src/can.o
 .debug_macro   0x0001d57e      0x2e7 ./Core/Src/isoSpi.o
 .debug_macro   0x0001d865       0x16 ./Core/Src/isoSpi.o
 .debug_macro   0x0001d87b       0x10 ./Core/Src/isoSpi.o
 .debug_macro   0x0001d88b       0x16 ./Core/Src/isoSpi.o
 .debug_macro   0x0001d8a1       0x16 ./Core/Src/isoSpi.o
 .debug_macro   0x0001d8b7      0x146 ./Core/Src/isoSpi.o
 .debug_macro   0x0001d9fd      0x242 ./Core/Src/main.o
 .debug_macro   0x0001dc3f       0xa0 ./Core/Src/main.o
 .debug_macro   0x0001dcdf      0x30c ./Core/Src/operation.o
 .debug_macro   0x0001dfeb      0x227 ./Core/Src/pwm.o
 .debug_macro   0x0001e212      0x1fc ./Core/Src/stm32g4xx_hal_msp.o
 .debug_macro   0x0001e40e      0x206 ./Core/Src/stm32g4xx_it.o
 .debug_macro   0x0001e614      0x1ed ./Core/Src/system_stm32g4xx.o
 .debug_macro   0x0001e801      0x2f1 ./Core/Src/temp_calc.o
 .debug_macro   0x0001eaf2      0x11c ./Core/Src/temp_calc.o
 .debug_macro   0x0001ec0e       0x9b ./Core/Src/temp_calc.o
 .debug_macro   0x0001eca9       0x56 ./Core/Src/temp_calc.o
 .debug_macro   0x0001ecff      0x19b ./Core/Src/temp_calc.o
 .debug_macro   0x0001ee9a      0x23b ./Drivers/STM32G4xx_HAL_Driver/Src/stm32g4xx_hal.o
 .debug_macro   0x0001f0d5      0x1ed ./Drivers/STM32G4xx_HAL_Driver/Src/stm32g4xx_hal_cortex.o
 .debug_macro   0x0001f2c2      0x2ff ./Drivers/STM32G4xx_HAL_Driver/Src/stm32g4xx_hal_fdcan.o
 .debug_macro   0x0001f5c1      0x1f4 ./Drivers/STM32G4xx_HAL_Driver/Src/stm32g4xx_hal_gpio.o
 .debug_macro   0x0001f7b5      0x217 ./Drivers/STM32G4xx_HAL_Driver/Src/stm32g4xx_hal_pwr_ex.o
 .debug_macro   0x0001f9cc      0x22f ./Drivers/STM32G4xx_HAL_Driver/Src/stm32g4xx_hal_rcc.o
 .debug_macro   0x0001fbfb      0x217 ./Drivers/STM32G4xx_HAL_Driver/Src/stm32g4xx_hal_rcc_ex.o
 .debug_macro   0x0001fe12      0x1f5 ./Drivers/STM32G4xx_HAL_Driver/Src/stm32g4xx_hal_spi.o
 .debug_macro   0x00020007      0x1f5 ./Drivers/STM32G4xx_HAL_Driver/Src/stm32g4xx_hal_tim.o
 .debug_macro   0x000201fc      0x1f3 ./Drivers/STM32G4xx_HAL_Driver/Src/stm32g4xx_hal_tim_ex.o
 .debug_macro   0x000203ef      0x218 ./Drivers/STM32G4xx_HAL_Driver/Src/stm32g4xx_hal_uart.o
 .debug_macro   0x00020607      0x1f9 ./Drivers/STM32G4xx_HAL_Driver/Src/stm32g4xx_hal_uart_ex.o

.debug_line     0x00000000    0x1a6ce
 .debug_line    0x00000000     0x12a1 ./Core/Src/LTC681x.o
 .debug_line    0x000012a1      0xa4e ./Core/Src/calculations.o
 .debug_line    0x00001cef      0xae7 ./Core/Src/can.o
 .debug_line    0x000027d6      0x9a7 ./Core/Src/isoSpi.o
 .debug_line    0x0000317d      0xb1b ./Core/Src/main.o
 .debug_line    0x00003c98      0xdcd ./Core/Src/operation.o
 .debug_line    0x00004a65      0x7e3 ./Core/Src/pwm.o
 .debug_line    0x00005248      0x92f ./Core/Src/stm32g4xx_hal_msp.o
 .debug_line    0x00005b77      0x876 ./Core/Src/stm32g4xx_it.o
 .debug_line    0x000063ed      0x81c ./Core/Src/system_stm32g4xx.o
 .debug_line    0x00006c09      0x999 ./Core/Src/temp_calc.o
 .debug_line    0x000075a2       0x7b ./Core/Startup/startup_stm32g431kbtx.o
 .debug_line    0x0000761d      0xbe8 ./Drivers/STM32G4xx_HAL_Driver/Src/stm32g4xx_hal.o
 .debug_line    0x00008205      0xd23 ./Drivers/STM32G4xx_HAL_Driver/Src/stm32g4xx_hal_cortex.o
 .debug_line    0x00008f28     0x1929 ./Drivers/STM32G4xx_HAL_Driver/Src/stm32g4xx_hal_fdcan.o
 .debug_line    0x0000a851      0xbc1 ./Drivers/STM32G4xx_HAL_Driver/Src/stm32g4xx_hal_gpio.o
 .debug_line    0x0000b412      0xd47 ./Drivers/STM32G4xx_HAL_Driver/Src/stm32g4xx_hal_pwr_ex.o
 .debug_line    0x0000c159     0x106b ./Drivers/STM32G4xx_HAL_Driver/Src/stm32g4xx_hal_rcc.o
 .debug_line    0x0000d1c4     0x1195 ./Drivers/STM32G4xx_HAL_Driver/Src/stm32g4xx_hal_rcc_ex.o
 .debug_line    0x0000e359     0x20f6 ./Drivers/STM32G4xx_HAL_Driver/Src/stm32g4xx_hal_spi.o
 .debug_line    0x0001044f     0x3f4f ./Drivers/STM32G4xx_HAL_Driver/Src/stm32g4xx_hal_tim.o
 .debug_line    0x0001439e     0x202f ./Drivers/STM32G4xx_HAL_Driver/Src/stm32g4xx_hal_tim_ex.o
 .debug_line    0x000163cd     0x35e4 ./Drivers/STM32G4xx_HAL_Driver/Src/stm32g4xx_hal_uart.o
 .debug_line    0x000199b1      0xd1d ./Drivers/STM32G4xx_HAL_Driver/Src/stm32g4xx_hal_uart_ex.o

.debug_str      0x00000000    0xce679
 .debug_str     0x00000000    0xce679 ./Core/Src/LTC681x.o
                              0xc61b1 (size before relaxing)
 .debug_str     0x000ce679        0x0 ./Core/Src/calculations.o
                              0xc2eee (size before relaxing)
 .debug_str     0x000ce679        0x0 ./Core/Src/can.o
                              0xc36eb (size before relaxing)
 .debug_str     0x000ce679        0x0 ./Core/Src/isoSpi.o
                              0xc6a77 (size before relaxing)
 .debug_str     0x000ce679        0x0 ./Core/Src/main.o
                              0xc44aa (size before relaxing)
 .debug_str     0x000ce679        0x0 ./Core/Src/operation.o
                              0xc6535 (size before relaxing)
 .debug_str     0x000ce679        0x0 ./Core/Src/pwm.o
                              0xc3470 (size before relaxing)
 .debug_str     0x000ce679        0x0 ./Core/Src/stm32g4xx_hal_msp.o
                              0xc426e (size before relaxing)
 .debug_str     0x000ce679        0x0 ./Core/Src/stm32g4xx_it.o
                              0xc307f (size before relaxing)
 .debug_str     0x000ce679        0x0 ./Core/Src/system_stm32g4xx.o
                              0xc2be0 (size before relaxing)
 .debug_str     0x000ce679        0x0 ./Core/Src/temp_calc.o
                              0xc6751 (size before relaxing)
 .debug_str     0x000ce679        0x0 ./Core/Startup/startup_stm32g431kbtx.o
                                 0x76 (size before relaxing)
 .debug_str     0x000ce679        0x0 ./Drivers/STM32G4xx_HAL_Driver/Src/stm32g4xx_hal.o
                              0xc371f (size before relaxing)
 .debug_str     0x000ce679        0x0 ./Drivers/STM32G4xx_HAL_Driver/Src/stm32g4xx_hal_cortex.o
                              0xc33a3 (size before relaxing)
 .debug_str     0x000ce679        0x0 ./Drivers/STM32G4xx_HAL_Driver/Src/stm32g4xx_hal_fdcan.o
                              0xc418f (size before relaxing)
 .debug_str     0x000ce679        0x0 ./Drivers/STM32G4xx_HAL_Driver/Src/stm32g4xx_hal_gpio.o
                              0xc2d6b (size before relaxing)
 .debug_str     0x000ce679        0x0 ./Drivers/STM32G4xx_HAL_Driver/Src/stm32g4xx_hal_pwr_ex.o
                              0xc30ce (size before relaxing)
 .debug_str     0x000ce679        0x0 ./Drivers/STM32G4xx_HAL_Driver/Src/stm32g4xx_hal_rcc.o
                              0xc32d9 (size before relaxing)
 .debug_str     0x000ce679        0x0 ./Drivers/STM32G4xx_HAL_Driver/Src/stm32g4xx_hal_rcc_ex.o
                              0xc32da (size before relaxing)
 .debug_str     0x000ce679        0x0 ./Drivers/STM32G4xx_HAL_Driver/Src/stm32g4xx_hal_spi.o
                              0xc3518 (size before relaxing)
 .debug_str     0x000ce679        0x0 ./Drivers/STM32G4xx_HAL_Driver/Src/stm32g4xx_hal_tim.o
                              0xc40de (size before relaxing)
 .debug_str     0x000ce679        0x0 ./Drivers/STM32G4xx_HAL_Driver/Src/stm32g4xx_hal_tim_ex.o
                              0xc3d52 (size before relaxing)
 .debug_str     0x000ce679        0x0 ./Drivers/STM32G4xx_HAL_Driver/Src/stm32g4xx_hal_uart.o
                              0xc3b9b (size before relaxing)
 .debug_str     0x000ce679        0x0 ./Drivers/STM32G4xx_HAL_Driver/Src/stm32g4xx_hal_uart_ex.o
                              0xc3399 (size before relaxing)

.comment        0x00000000       0x43
 .comment       0x00000000       0x43 ./Core/Src/LTC681x.o
                                 0x44 (size before relaxing)
 .comment       0x00000043        0x0 ./Core/Src/calculations.o
                                 0x44 (size before relaxing)
 .comment       0x00000043        0x0 ./Core/Src/can.o
                                 0x44 (size before relaxing)
 .comment       0x00000043        0x0 ./Core/Src/isoSpi.o
                                 0x44 (size before relaxing)
 .comment       0x00000043        0x0 ./Core/Src/main.o
                                 0x44 (size before relaxing)
 .comment       0x00000043        0x0 ./Core/Src/operation.o
                                 0x44 (size before relaxing)
 .comment       0x00000043        0x0 ./Core/Src/pwm.o
                                 0x44 (size before relaxing)
 .comment       0x00000043        0x0 ./Core/Src/stm32g4xx_hal_msp.o
                                 0x44 (size before relaxing)
 .comment       0x00000043        0x0 ./Core/Src/stm32g4xx_it.o
                                 0x44 (size before relaxing)
 .comment       0x00000043        0x0 ./Core/Src/system_stm32g4xx.o
                                 0x44 (size before relaxing)
 .comment       0x00000043        0x0 ./Core/Src/temp_calc.o
                                 0x44 (size before relaxing)
 .comment       0x00000043        0x0 ./Drivers/STM32G4xx_HAL_Driver/Src/stm32g4xx_hal.o
                                 0x44 (size before relaxing)
 .comment       0x00000043        0x0 ./Drivers/STM32G4xx_HAL_Driver/Src/stm32g4xx_hal_cortex.o
                                 0x44 (size before relaxing)
 .comment       0x00000043        0x0 ./Drivers/STM32G4xx_HAL_Driver/Src/stm32g4xx_hal_fdcan.o
                                 0x44 (size before relaxing)
 .comment       0x00000043        0x0 ./Drivers/STM32G4xx_HAL_Driver/Src/stm32g4xx_hal_gpio.o
                                 0x44 (size before relaxing)
 .comment       0x00000043        0x0 ./Drivers/STM32G4xx_HAL_Driver/Src/stm32g4xx_hal_pwr_ex.o
                                 0x44 (size before relaxing)
 .comment       0x00000043        0x0 ./Drivers/STM32G4xx_HAL_Driver/Src/stm32g4xx_hal_rcc.o
                                 0x44 (size before relaxing)
 .comment       0x00000043        0x0 ./Drivers/STM32G4xx_HAL_Driver/Src/stm32g4xx_hal_rcc_ex.o
                                 0x44 (size before relaxing)
 .comment       0x00000043        0x0 ./Drivers/STM32G4xx_HAL_Driver/Src/stm32g4xx_hal_spi.o
                                 0x44 (size before relaxing)
 .comment       0x00000043        0x0 ./Drivers/STM32G4xx_HAL_Driver/Src/stm32g4xx_hal_tim.o
                                 0x44 (size before relaxing)
 .comment       0x00000043        0x0 ./Drivers/STM32G4xx_HAL_Driver/Src/stm32g4xx_hal_tim_ex.o
                                 0x44 (size before relaxing)
 .comment       0x00000043        0x0 ./Drivers/STM32G4xx_HAL_Driver/Src/stm32g4xx_hal_uart.o
                                 0x44 (size before relaxing)
 .comment       0x00000043        0x0 ./Drivers/STM32G4xx_HAL_Driver/Src/stm32g4xx_hal_uart_ex.o
                                 0x44 (size before relaxing)

.debug_frame    0x00000000     0x63c0
 .debug_frame   0x00000000      0x3bc ./Core/Src/LTC681x.o
 .debug_frame   0x000003bc      0x100 ./Core/Src/calculations.o
 .debug_frame   0x000004bc      0x18c ./Core/Src/can.o
 .debug_frame   0x00000648       0xc8 ./Core/Src/isoSpi.o
 .debug_frame   0x00000710      0x118 ./Core/Src/main.o
 .debug_frame   0x00000828      0x29c ./Core/Src/operation.o
 .debug_frame   0x00000ac4       0x5c ./Core/Src/pwm.o
 .debug_frame   0x00000b20      0x184 ./Core/Src/stm32g4xx_hal_msp.o
 .debug_frame   0x00000ca4      0x120 ./Core/Src/stm32g4xx_it.o
 .debug_frame   0x00000dc4       0x58 ./Core/Src/system_stm32g4xx.o
 .debug_frame   0x00000e1c       0x34 ./Core/Src/temp_calc.o
 .debug_frame   0x00000e50      0x500 ./Drivers/STM32G4xx_HAL_Driver/Src/stm32g4xx_hal.o
 .debug_frame   0x00001350      0x498 ./Drivers/STM32G4xx_HAL_Driver/Src/stm32g4xx_hal_cortex.o
 .debug_frame   0x000017e8      0x9b0 ./Drivers/STM32G4xx_HAL_Driver/Src/stm32g4xx_hal_fdcan.o
 .debug_frame   0x00002198      0x14c ./Drivers/STM32G4xx_HAL_Driver/Src/stm32g4xx_hal_gpio.o
 .debug_frame   0x000022e4      0x4fc ./Drivers/STM32G4xx_HAL_Driver/Src/stm32g4xx_hal_pwr_ex.o
 .debug_frame   0x000027e0      0x23c ./Drivers/STM32G4xx_HAL_Driver/Src/stm32g4xx_hal_rcc.o
 .debug_frame   0x00002a1c      0x2ac ./Drivers/STM32G4xx_HAL_Driver/Src/stm32g4xx_hal_rcc_ex.o
 .debug_frame   0x00002cc8      0x860 ./Drivers/STM32G4xx_HAL_Driver/Src/stm32g4xx_hal_spi.o
 .debug_frame   0x00003528     0x121c ./Drivers/STM32G4xx_HAL_Driver/Src/stm32g4xx_hal_tim.o
 .debug_frame   0x00004744      0xa68 ./Drivers/STM32G4xx_HAL_Driver/Src/stm32g4xx_hal_tim_ex.o
 .debug_frame   0x000051ac      0xa94 ./Drivers/STM32G4xx_HAL_Driver/Src/stm32g4xx_hal_uart.o
 .debug_frame   0x00005c40      0x2c0 ./Drivers/STM32G4xx_HAL_Driver/Src/stm32g4xx_hal_uart_ex.o
 .debug_frame   0x00005f00      0x144 C:/ST/STM32CubeIDE_2.0.0/STM32CubeIDE/plugins/com.st.stm32cube.ide.mcu.externaltools.gnu-tools-for-stm32.13.3.rel1.win32_1.0.100.202509120712/tools/bin/../lib/gcc/arm-none-eabi/13.3.1/../../../../arm-none-eabi/lib/thumb/v7e-m+fp/hard\libc_nano.a(libc_a-findfp.o)
 .debug_frame   0x00006044       0x20 C:/ST/STM32CubeIDE_2.0.0/STM32CubeIDE/plugins/com.st.stm32cube.ide.mcu.externaltools.gnu-tools-for-stm32.13.3.rel1.win32_1.0.100.202509120712/tools/bin/../lib/gcc/arm-none-eabi/13.3.1/../../../../arm-none-eabi/lib/thumb/v7e-m+fp/hard\libc_nano.a(libc_a-memset.o)
 .debug_frame   0x00006064       0x20 C:/ST/STM32CubeIDE_2.0.0/STM32CubeIDE/plugins/com.st.stm32cube.ide.mcu.externaltools.gnu-tools-for-stm32.13.3.rel1.win32_1.0.100.202509120712/tools/bin/../lib/gcc/arm-none-eabi/13.3.1/../../../../arm-none-eabi/lib/thumb/v7e-m+fp/hard\libc_nano.a(libc_a-errno.o)
 .debug_frame   0x00006084       0x2c C:/ST/STM32CubeIDE_2.0.0/STM32CubeIDE/plugins/com.st.stm32cube.ide.mcu.externaltools.gnu-tools-for-stm32.13.3.rel1.win32_1.0.100.202509120712/tools/bin/../lib/gcc/arm-none-eabi/13.3.1/../../../../arm-none-eabi/lib/thumb/v7e-m+fp/hard\libc_nano.a(libc_a-init.o)
 .debug_frame   0x000060b0       0x4c C:/ST/STM32CubeIDE_2.0.0/STM32CubeIDE/plugins/com.st.stm32cube.ide.mcu.externaltools.gnu-tools-for-stm32.13.3.rel1.win32_1.0.100.202509120712/tools/bin/../lib/gcc/arm-none-eabi/13.3.1/../../../../arm-none-eabi/lib/thumb/v7e-m+fp/hard\libm.a(libm_a-w_log.o)
 .debug_frame   0x000060fc       0x20 C:/ST/STM32CubeIDE_2.0.0/STM32CubeIDE/plugins/com.st.stm32cube.ide.mcu.externaltools.gnu-tools-for-stm32.13.3.rel1.win32_1.0.100.202509120712/tools/bin/../lib/gcc/arm-none-eabi/13.3.1/../../../../arm-none-eabi/lib/thumb/v7e-m+fp/hard\libm.a(libm_a-s_nan.o)
 .debug_frame   0x0000611c       0x40 C:/ST/STM32CubeIDE_2.0.0/STM32CubeIDE/plugins/com.st.stm32cube.ide.mcu.externaltools.gnu-tools-for-stm32.13.3.rel1.win32_1.0.100.202509120712/tools/bin/../lib/gcc/arm-none-eabi/13.3.1/../../../../arm-none-eabi/lib/thumb/v7e-m+fp/hard\libm.a(libm_a-e_log.o)
 .debug_frame   0x0000615c       0xac C:/ST/STM32CubeIDE_2.0.0/STM32CubeIDE/plugins/com.st.stm32cube.ide.mcu.externaltools.gnu-tools-for-stm32.13.3.rel1.win32_1.0.100.202509120712/tools/bin/../lib/gcc/arm-none-eabi/13.3.1/thumb/v7e-m+fp/hard\libgcc.a(_arm_addsubdf3.o)
 .debug_frame   0x00006208       0x50 C:/ST/STM32CubeIDE_2.0.0/STM32CubeIDE/plugins/com.st.stm32cube.ide.mcu.externaltools.gnu-tools-for-stm32.13.3.rel1.win32_1.0.100.202509120712/tools/bin/../lib/gcc/arm-none-eabi/13.3.1/thumb/v7e-m+fp/hard\libgcc.a(_arm_muldivdf3.o)
 .debug_frame   0x00006258       0xc4 C:/ST/STM32CubeIDE_2.0.0/STM32CubeIDE/plugins/com.st.stm32cube.ide.mcu.externaltools.gnu-tools-for-stm32.13.3.rel1.win32_1.0.100.202509120712/tools/bin/../lib/gcc/arm-none-eabi/13.3.1/thumb/v7e-m+fp/hard\libgcc.a(_arm_cmpdf2.o)
 .debug_frame   0x0000631c       0x20 C:/ST/STM32CubeIDE_2.0.0/STM32CubeIDE/plugins/com.st.stm32cube.ide.mcu.externaltools.gnu-tools-for-stm32.13.3.rel1.win32_1.0.100.202509120712/tools/bin/../lib/gcc/arm-none-eabi/13.3.1/thumb/v7e-m+fp/hard\libgcc.a(_arm_unorddf2.o)
 .debug_frame   0x0000633c       0x24 C:/ST/STM32CubeIDE_2.0.0/STM32CubeIDE/plugins/com.st.stm32cube.ide.mcu.externaltools.gnu-tools-for-stm32.13.3.rel1.win32_1.0.100.202509120712/tools/bin/../lib/gcc/arm-none-eabi/13.3.1/thumb/v7e-m+fp/hard\libgcc.a(_arm_truncdfsf2.o)
 .debug_frame   0x00006360       0x2c C:/ST/STM32CubeIDE_2.0.0/STM32CubeIDE/plugins/com.st.stm32cube.ide.mcu.externaltools.gnu-tools-for-stm32.13.3.rel1.win32_1.0.100.202509120712/tools/bin/../lib/gcc/arm-none-eabi/13.3.1/thumb/v7e-m+fp/hard\libgcc.a(_aeabi_uldivmod.o)
 .debug_frame   0x0000638c       0x34 C:/ST/STM32CubeIDE_2.0.0/STM32CubeIDE/plugins/com.st.stm32cube.ide.mcu.externaltools.gnu-tools-for-stm32.13.3.rel1.win32_1.0.100.202509120712/tools/bin/../lib/gcc/arm-none-eabi/13.3.1/thumb/v7e-m+fp/hard\libgcc.a(_udivmoddi4.o)

.debug_line_str
                0x00000000       0x5a
 .debug_line_str
                0x00000000       0x5a ./Core/Startup/startup_stm32g431kbtx.o
