../Core/Src/LTC681x.c:18:6:WakeIdle	8	static
../Core/Src/LTC681x.c:24:6:WakeUp	8	static
../Core/Src/LTC681x.c:38:6:initialize	16	static
../Core/Src/LTC681x.c:43:6:init	24	static
../Core/Src/LTC681x.c:68:10:pec15_calc	24	static
../Core/Src/LTC681x.c:83:6:wrcfg	64	dynamic
../Core/Src/LTC681x.c:133:8:rdcfg	64	dynamic
../Core/Src/LTC681x.c:185:6:wrcfgb	64	dynamic
../Core/Src/LTC681x.c:235:8:rdcfgb	64	dynamic
../Core/Src/LTC681x.c:288:9:rdcv	72	dynamic
../Core/Src/LTC681x.c:388:6:rdcv_reg	24	static
../Core/Src/LTC681x.c:441:8:rdaux	80	dynamic
../Core/Src/LTC681x.c:541:8:rdaux1	32	static
../Core/Src/LTC681x.c:569:6:adcv_delay	8	static
../Core/Src/LTC681x.c:573:6:adax_delay	8	static
../Core/Src/LTC681x.c:581:6:rdaux_reg	24	static
../Core/Src/LTC681x.c:625:8:parse_cells	40	static
../Core/Src/LTC681x.c:671:6:clrcell	16	static
../Core/Src/LTC681x.c:693:6:clraux	16	static
../Core/Src/LTC681x.c:713:8:rdstata	64	dynamic
../Core/Src/LTC681x.c:768:8:rdstatb	64	dynamic
../Core/Src/LTC681x.c:823:6:adcv	16	static
../Core/Src/LTC681x.c:844:6:adax	16	static
../Core/Src/LTC681x.c:864:6:adstat	16	static
