../Core/Src/operation.c:32:6:operation_main	8	static
../Core/Src/operation.c:116:6:open_AIR	8	static
../Core/Src/operation.c:122:6:close_AIR	8	static
../Core/Src/operation.c:128:6:close_PRE	16	static
../Core/Src/operation.c:137:6:open_PRE	16	static
../Core/Src/operation.c:145:5:AMS_OK	16	static
../Core/Src/operation.c:164:6:charge_routine	16	static
../Core/Src/operation.c:207:6:core_routine	16	static
../Core/Src/operation.c:239:6:precharge_compare	24	static
../Core/Src/operation.c:270:5:check_voltage_match	24	static
../Core/Src/operation.c:292:6:balance_routine	16	static
../Core/Src/operation.c:298:6:empty_disch_cfg	16	static
../Core/Src/operation.c:320:9:read_cell_voltage	16	static
../Core/Src/operation.c:350:9:read_temp_measurement	16	static
../Core/Src/operation.c:375:6:init_slave_cfg	16	static
../Core/Src/operation.c:388:6:cfg_slaves	8	static
../Core/Src/operation.c:396:6:increase_pec_counter	4	static
../Core/Src/operation.c:402:6:goto_safe_state	16	static
../Core/Src/operation.c:409:6:test_limp	32	static
