../Core/Src/operation.c:48:6:operation_main	8	static
../Core/Src/operation.c:134:6:open_AIR	8	static
../Core/Src/operation.c:140:6:close_AIR	8	static
../Core/Src/operation.c:145:6:close_PRE	16	static
../Core/Src/operation.c:155:6:open_PRE	16	static
../Core/Src/operation.c:163:5:AMS_OK	16	static
../Core/Src/operation.c:180:6:charge_routine	16	static
../Core/Src/operation.c:226:6:core_routine	16	static
../Core/Src/operation.c:260:6:precharge_compare	24	static
../Core/Src/operation.c:291:5:check_voltage_match	24	static
../Core/Src/operation.c:312:6:balance_routine	16	static
../Core/Src/operation.c:318:6:empty_disch_cfg	16	static
../Core/Src/operation.c:338:9:read_cell_voltage	16	static
../Core/Src/operation.c:365:9:read_temp_measurement	16	static
../Core/Src/operation.c:387:6:init_slave_cfg	16	static
../Core/Src/operation.c:400:6:cfg_slaves	8	static
../Core/Src/operation.c:407:6:increase_pec_counter	4	static
../Core/Src/operation.c:413:6:goto_safe_state	16	static
../Core/Src/operation.c:421:6:test_limp	32	static
