../Core/Src/operation.c:53:6:operation_main	16	static
../Core/Src/operation.c:138:6:open_AIR	8	static
../Core/Src/operation.c:144:6:close_AIR	8	static
../Core/Src/operation.c:149:6:close_PRE	8	static
../Core/Src/operation.c:154:6:open_PRE	8	static
../Core/Src/operation.c:160:5:AMS_OK	16	static
../Core/Src/operation.c:175:8:charge_routine	16	static
../Core/Src/operation.c:228:8:core_routine	16	static
../Core/Src/operation.c:264:6:read_IVT	16	static
../Core/Src/operation.c:270:6:precharge_compare	24	static
../Core/Src/operation.c:306:5:check_voltage_match	24	static
../Core/Src/operation.c:327:6:balance_routine	16	static
../Core/Src/operation.c:337:6:empty_disch_cfg	16	static
../Core/Src/operation.c:357:9:read_cell_voltage	16	static
../Core/Src/operation.c:397:9:read_temp_measurement	16	static
../Core/Src/operation.c:419:6:init_slave_cfg	16	static
../Core/Src/operation.c:432:6:cfg_slaves	8	static
../Core/Src/operation.c:442:6:increase_pec_counter	4	static
../Core/Src/operation.c:448:6:goto_safe_state	16	static
../Core/Src/operation.c:456:9:test_limp	32	static
../Core/Src/operation.c:527:8:test_limits	24	static
