../Core/Src/operation.c:32:6:operation_main	8	static
../Core/Src/operation.c:114:6:open_AIR	8	static
../Core/Src/operation.c:120:6:close_AIR	8	static
../Core/Src/operation.c:126:6:close_PRE	16	static
../Core/Src/operation.c:135:6:open_PRE	16	static
../Core/Src/operation.c:143:5:AMS_OK	16	static
../Core/Src/operation.c:162:6:charge_routine	16	static
../Core/Src/operation.c:205:6:core_routine	16	static
../Core/Src/operation.c:237:6:precharge_compare	24	static
../Core/Src/operation.c:268:5:check_voltage_match	24	static
../Core/Src/operation.c:290:6:balance_routine	16	static
../Core/Src/operation.c:296:6:empty_disch_cfg	16	static
../Core/Src/operation.c:318:9:read_cell_voltage	16	static
../Core/Src/operation.c:348:9:read_temp_measurement	16	static
../Core/Src/operation.c:373:6:init_slave_cfg	16	static
../Core/Src/operation.c:386:6:cfg_slaves	8	static
../Core/Src/operation.c:394:6:increase_pec_counter	4	static
../Core/Src/operation.c:400:6:goto_safe_state	16	static
../Core/Src/operation.c:407:6:test_limp	32	static
