../Core/Src/operation.c:48:6:operation_main	8	static
../Core/Src/operation.c:131:6:open_AIR	8	static
../Core/Src/operation.c:137:6:close_AIR	8	static
../Core/Src/operation.c:142:6:close_PRE	16	static
../Core/Src/operation.c:152:6:open_PRE	16	static
../Core/Src/operation.c:160:5:AMS_OK	16	static
../Core/Src/operation.c:177:6:charge_routine	16	static
../Core/Src/operation.c:223:6:core_routine	16	static
../Core/Src/operation.c:257:6:precharge_compare	24	static
../Core/Src/operation.c:288:5:check_voltage_match	24	static
../Core/Src/operation.c:309:6:balance_routine	16	static
../Core/Src/operation.c:315:6:empty_disch_cfg	16	static
../Core/Src/operation.c:335:9:read_cell_voltage	16	static
../Core/Src/operation.c:362:9:read_temp_measurement	16	static
../Core/Src/operation.c:384:6:init_slave_cfg	16	static
../Core/Src/operation.c:397:6:cfg_slaves	8	static
../Core/Src/operation.c:404:6:increase_pec_counter	4	static
../Core/Src/operation.c:410:6:goto_safe_state	16	static
../Core/Src/operation.c:418:6:test_limp	32	static
